--------- beginning of system
D/BackupManagerService(  757): Received broadcast Intent { act=android.intent.action.PACKAGE_CHANGED dat=package:com.tarang.payswiff flg=0x4000010 (has extras) }
V/WindowManager(  757): addAppToken: AppWindowToken{1623894c token=Token{3771957f ActivityRecord{3b4a369e u0 com.tarang.payswiff/.view.activities.TransactionActivity t20}}} to stack=1 task=20 at 2
V/WindowManager(  757): Adding window Window{2f8bae11 u0 com.tarang.payswiff/com.tarang.payswiff.view.activities.TransactionActivity} at 4 of 9 (after Window{c85a0ab u0 com.tarang.payswiff/com.tarang.payswiff.view.activities.EnterAmountActivity})
W/ResourcesManager(29320): Asset path '/system/framework/com.android.media.remotedisplay.jar' does not exist or contains no resources.
W/ResourcesManager(29320): Asset path '/system/framework/com.android.location.provider.jar' does not exist or contains no resources.
W/ActivityManager(  757): Unable to start service Intent { act=com.google.android.gms.ads.identifier.service.START pkg=com.google.android.gms } U=0: not found
V/WindowManager(  757): addAppToken: AppWindowToken{1904ae26 token=Token{14a33d81 ActivityRecord{1a8d5568 u0 com.tarang.payswiff/.view.activities.PrintActivity t20}}} to stack=1 task=20 at 2
V/WindowManager(  757): Adding window Window{27966014 u0 com.tarang.payswiff/com.tarang.payswiff.view.activities.PrintActivity} at 4 of 9 (after Window{2f8bae11 u0 com.tarang.payswiff/com.tarang.payswiff.view.activities.TransactionActivity})
V/WindowManager(  757): Adding window Window{3afd86b2 u0 com.tarang.payswiff/com.tarang.payswiff.view.activities.PrintActivity} at 4 of 10 (before Window{27966014 u0 com.tarang.payswiff/com.tarang.payswiff.view.activities.PrintActivity})
W/ProcessCpuTracker(  757): Skipping unknown process pid 32589
V/WindowManager(  757): addAppToken: AppWindowToken{3374e898 token=Token{f2f27b ActivityRecord{35cb3a0a u0 com.tarang.payswiff/.view.activities.EnterOfflinePinActivity t20}}} to stack=1 task=20 at 3
V/WindowManager(  757): Adding window Window{22eaecd6 u0 com.tarang.payswiff/com.tarang.payswiff.view.activities.EnterOfflinePinActivity} at 6 of 11 (after Window{27966014 u0 com.tarang.payswiff/com.tarang.payswiff.view.activities.PrintActivity})
V/WindowManager(  757): not Base app: Adding window Window{8a1a7e0 u0 com.tarang.payswiff/com.tarang.payswiff.view.activities.PrintActivity} at 5 of 11
V/WindowManager(  757): not Base app: Adding window Window{18e6b15e u0 com.tarang.payswiff/com.tarang.payswiff.view.activities.PrintActivity} at 5 of 11
W/ResourcesManager(29320): Asset path '/system/framework/com.android.media.remotedisplay.jar' does not exist or contains no resources.
W/ResourcesManager(29320): Asset path '/system/framework/com.android.location.provider.jar' does not exist or contains no resources.
W/ActivityManager(  757): Unable to start service Intent { act=com.google.android.gms.ads.identifier.service.START pkg=com.google.android.gms } U=0: not found
W/InputMethodManagerService(  757): Window already focused, ignoring focus gain of: com.android.internal.view.IInputMethodClient$Stub$Proxy@aa9620c attribute=null, token = android.os.BinderProxy@fc530bd
V/WindowManager(  757): not Base app: Adding window Window{2f423137 u0 com.tarang.payswiff/com.tarang.payswiff.view.activities.PrintActivity} at 5 of 10
--------- beginning of main
E/BarController(  757): isTransientShowRequested
E/WindowManager(  757): transientStatusBarAllowed:true
E/BarController(  757): updateVisibilityLw
E/BarController(  757): isTransientShowing
E/BarController(  757): isTransientShowRequested
E/BarController(  757): updateVisibilityLw
E/BarController(  757): isTransientShowing
E/BarController(  757): isTransientShowRequested
E/WindowManager(  757): finishPostLayoutPolicyLw
E/BarController(  757): isTransientShowing
E/BarController(  757): setBarShowingLw
E/BarController(  757): computeStateLw
E/BarController(  757): updateStateLw
E/BarController(  757): applyTranslucentFlagLw
E/BarController(  757): applyTranslucentFlagLw
E/WindowManager(  757): mTopFullscreenOpaqueWindowState != null
E/WindowManager(  757):  LayoutParams:1024
E/WindowManager(  757): transientStatusBarAllowed:true hideStatusBarWM:true hideStatusBarSysui:false immersiveSticky:false statusBarHasFocus:false
E/BarController(  757): isTransientShowRequested
E/BarController(  757): isTransientShowRequested
E/WindowManager(  757): transientStatusBarAllowed:true
E/BarController(  757): updateVisibilityLw
E/BarController(  757): isTransientShowing
E/BarController(  757): isTransientShowRequested
E/BarController(  757): updateVisibilityLw
E/BarController(  757): isTransientShowing
E/BarController(  757): isTransientShowRequested
E/BarController(  757): checkHiddenLw
E/WindowManager(  757): finishPostLayoutPolicyLw
E/BarController(  757): isTransientShowing
E/BarController(  757): setBarShowingLw
E/BarController(  757): computeStateLw
E/BarController(  757): updateStateLw
E/BarController(  757): applyTranslucentFlagLw
E/BarController(  757): applyTranslucentFlagLw
E/WindowManager(  757): mTopFullscreenOpaqueWindowState != null
E/WindowManager(  757):  LayoutParams:1024
E/WindowManager(  757): transientStatusBarAllowed:true hideStatusBarWM:true hideStatusBarSysui:false immersiveSticky:false statusBarHasFocus:false
E/BarController(  757): isTransientShowRequested
E/BarController(  757): isTransientShowRequested
E/WindowManager(  757): transientStatusBarAllowed:true
E/BarController(  757): updateVisibilityLw
E/BarController(  757): isTransientShowing
E/BarController(  757): isTransientShowRequested
E/BarController(  757): updateVisibilityLw
E/BarController(  757): isTransientShowing
E/BarController(  757): isTransientShowRequested
E/WindowManager(  757): finishPostLayoutPolicyLw
E/BarController(  757): isTransientShowing
E/BarController(  757): setBarShowingLw
E/BarController(  757): computeStateLw
E/BarController(  757): updateStateLw
E/BarController(  757): applyTranslucentFlagLw
E/BarController(  757): applyTranslucentFlagLw
E/WindowManager(  757): mTopFullscreenOpaqueWindowState != null
E/WindowManager(  757):  LayoutParams:1024
E/WindowManager(  757): transientStatusBarAllowed:true hideStatusBarWM:true hideStatusBarSysui:false immersiveSticky:false statusBarHasFocus:false
E/BarController(  757): isTransientShowRequested
E/BarController(  757): isTransientShowRequested
E/WindowManager(  757): transientStatusBarAllowed:true
E/BarController(  757): updateVisibilityLw
E/BarController(  757): isTransientShowing
E/BarController(  757): isTransientShowRequested
E/BarController(  757): updateVisibilityLw
E/BarController(  757): isTransientShowing
E/BarController(  757): isTransientShowRequested
D/wpa_supplicant( 3730): wlan0: Control interface command 'SIGNAL_POLL'
I/ServiceManager(31583): Waiting for service AtCmdFwd...
V/responce(29320): Tag Msg --ErrorCode--0
V/responce(29320): Tag Msg --No Error
D/com.newland.me.module.d.a.g(29320): ----emvFetchData-------tags---:5A
D/com.newland.me.module.d.a.g(29320): ----emvFetchData-------tags---:5F34
D/com.newland.me.module.d.a.g(29320): ----emvFetchData-------tags---:57
V/responce(29320): Tag Msg --Poss---------3
V/responce(29320): Tag Msg --TAG -3 -- Mess-Card No.:5888488642097531159
V/responce(29320): Tag Msg --Poss---------4
V/responce(29320): Tag Msg --TAG -3 -- Mess-Card SN:001
V/responce(29320): Tag Msg --Poss---------5
V/responce(29320): Tag Msg --TAG -3 -- Mess-Card expired date:2012
V/responce(29320): Tag Msg --Poss---------6
V/responce(29320): Tag Msg --TAG -3 -- Mess-Service code:600
V/responce(29320): Tag Msg --Poss---------7
V/responce(29320): Tag Msg --TAG -3 -- Mess-2-track plaintext:5888488642097531159D201260001774860000
D/com.newland.mtypex.nseries3.b(29320): ---------wait-----------timeout:-1
D/com.newland.mtypex.c.a(29320): FF]
D/com.newland.mtypex.c.a(29320): 12]
D/com.newland.mtypex.c.a(29320): 01]
D/com.newland.mtypex.c.a(29320): 03]
D/com.newland.mtypex.c.a(29320): empty]
D/com.newland.mtypex.c.a(29320): empty]
D/com.newland.mtypex.c.b.c(29320): ------------ÁªÑË£ÖJINIÊñπÂºèÁöÑËØ∑Ê±ÇÂåÖ:D107FF120038353838383438383634323039373533313135394432303132363030303137373438363030303000000103000000000000000000000000000000000000000000000000
D/com.newland.mtypex.nseries3.b(29320): ---------(debug)execute command data:D107FF120038353838383438383634323039373533313135394432303132363030303137373438363030303000000103000000000000000000000000000000000000000000000000,deviceCmd:com.newland.c.a.q.a@21d65b81
D/IntelligentTerminalLib(29320): _jniMposLibCmd IN
D/IntelligentTerminalLib(29320): [V2.0.5][DEG][mpos_api_frame.c][mposLibCmd_new][ReceiveCmd][1359]
D/IntelligentTerminalLib(29320): d1 07 ff 12 00 38 35 38 38 38 34 38 38 36 34 32 30 39 37 35 33 31 31 35 39 44 32 30 31 32 36 30 30 30 31 37 37 34 38 36 30 30 30 30 00 00 01 03 00 00 00 00 00 00 00 00 00 00 00 00 00 00 00 00 00 00 00 00 00 00 00 00
D/IntelligentTerminalLib(29320): >>>[V2.0.5]CmdAction[IN] Cmd[0xd107] CmdDesc[CMD_CARD_GETTRACK_EN]
D/IntelligentTerminalLib(29320): [V2.0.5][DEG][mpos_api_alg.c][UnionPay_TrackEncrypt][1264]
D/IntelligentTerminalLib(29320): type[4] index[3] nTrackLen[38]
D/IntelligentTerminalLib(29320): [V2.0.5][DEG][mpos_api_alg.c][UnionPay_TrackEncrypt][szTrack][1265]
D/IntelligentTerminalLib(29320): 35 38 38 38 34 38 38 36 34 32 30 39 37 35 33 31 31 35 39 44 32 30 31 32 36 30 30 30 31 37 37 34 38 36 30 30 30 30
D/IntelligentTerminalLib(29320): [V2.0.5][DEG][mpos_api_alg.c][UnionPay_TrackEncrypt][szData][1274]
D/IntelligentTerminalLib(29320): 32 30 31 32 36 30 30 30 31 37 37 34 38 36 30 30 00
D/IntelligentTerminalLib(29320): [V2.0.5][DEG][mpos_api_alg.c][UnionPay_TrackEncrypt][szTrackBlock][1279]
D/IntelligentTerminalLib(29320): 20 12 60 00 17 74 86 00 00
V/NdkpLib (29320): line606, g_pkName(19): com.tarang.payswiff
E/NdkpLib (29320): Data packed cmd=CMD_NDK_SecCalcDes:
E/NdkpLib (29320): dd 00 00 00 73 13 00 00 00 63 6f 6d 2e 74 61 72 61 6e 67 2e 70 61 79 73 77 69 66 66 63 04 63 03 73 08 00 00 00 20 12 60 00 17 74 86 00 64 08 00 00 00 63 00 76
V/MPosCmdLib(  757): szCmdIn:(iLenin=76)
V/MPosCmdLib(  757): 02 00 71 1e 10 2f 3f 00 00 07 d0 00 00 72 88 00 00 01 7c 00 53 dd 00 00 00 73 13 00 00 00 63 6f 6d 2e 74 61 72 61 6e 67 2e 70 61 79 73 77 69 66 66 63 04 63 03 73 08 00 00 00 20 12 60 00 17 74 86 00 64 08 00 00 00 63 00 76 03 0b
V/MPosCmdLib(  757): 1299 mposLibCmd
V/MPosCmdLib(  757): 1304 mposLibCmd ret 0
V/NdkpLib (  757): @func=NDK_RpcTransRW pid=29320, permission=0x17c, cmdId=221
V/NdkpLib (  757): @func=posNDK_Access_Process,cmdId=221 magEventRegistered=0, iccEventRegistered=0, rfidEventRegistered=0 magPid=0, iccPid=0, rfidPid=0
V/NdkpLib (  757): @func=NDK_RpcTransRW, line=1815 ret=0 
V/NdkpLib (  757): @fun=NDK_RpcTransRW, line1850 the command(0x00dd) be found! 
V/NdkpLib (  757): packageName(19): com.tarang.payswiff
V/NdkpLib (  757): @func=posNDK_SECP_Process line1413, packageName(19): com.tarang.payswiff
V/NdkpLib (  757): packageName(19): com.tarang.payswiff
V/NdkpLib (  757): call SECP_NDKCalcDES ucKeyType=4 ucKeyIdx=3
V/NdkpLib (  757): owner(0): 
V/NdkpLib (  757): flag=0
E/NdkpLib (  757): Data packed cmd=CMD_NDK_SecCalcDes:
E/NdkpLib (  757): dd 00 00 00 63 04 63 03 73 08 00 00 00 20 12 60 00 17 74 86 00 64 08 00 00 00 63 00 6e 6e 6e 76
V/NdkpLib (  757): send_resp_a_cmd,line494: ret=24
E/NdkpLib (  757): CMD_NDK_SecCalcDes ret=0, executed from K21 in SUCCESS!
V/MPosCmdLib(  757): Out frame:
V/MPosCmdLib(  757): 02 00 32 1e 10 2f 40 30 30 00 24 dd 00 00 00 00 00 00 00 0c 00 00 00 08 00 00 00 db 4f db dd fe 1d 84 a8 03 f0
V/MPosCmdLib(  757): 
V/NdkpLib (29320): send_resp_a_cmd,line494: ret=24
D/IntelligentTerminalLib(29320): [V2.0.5][DEG][mpos_api_alg.c][UnionPay_TrackEncrypt][szTrackBlock_Enc][1287]
D/IntelligentTerminalLib(29320): db 4f db dd fe 1d 84 a8 00
D/IntelligentTerminalLib(29320): [V2.0.5][DEG][mpos_api_alg.c][UnionPay_TrackEncrypt][szData][1292]
D/IntelligentTerminalLib(29320): 44 42 34 46 44 42 44 44 46 45 31 44 38 34 41 38 00
V/NdkpLib (29320): call SECP_NDKGetDukptKsn, pName=com.tarang.payswiff
V/NdkpLib (29320): line879, g_pkName(19): com.tarang.payswiff
E/NdkpLib (29320): Data packed cmd=CMD_NDK_SecGetDukptKsn:
E/NdkpLib (29320): e1 00 00 00 73 13 00 00 00 63 6f 6d 2e 74 61 72 61 6e 67 2e 70 61 79 73 77 69 66 66 63 03 76
V/MPosCmdLib(  757): szCmdIn:(iLenin=54)
V/MPosCmdLib(  757): 02 00 49 1e 10 2f 41 00 00 07 d0 00 00 72 88 00 00 01 7c 00 31 e1 00 00 00 73 13 00 00 00 63 6f 6d 2e 74 61 72 61 6e 67 2e 70 61 79 73 77 69 66 66 63 03 76 03 b7
V/MPosCmdLib(  757): 1299 mposLibCmd
V/MPosCmdLib(  757): 1304 mposLibCmd ret 0
V/NdkpLib (  757): @func=NDK_RpcTransRW pid=29320, permission=0x17c, cmdId=225
V/NdkpLib (  757): @func=posNDK_Access_Process,cmdId=225 magEventRegistered=0, iccEventRegistered=0, rfidEventRegistered=0 magPid=0, iccPid=0, rfidPid=0
V/NdkpLib (  757): @func=NDK_RpcTransRW, line=1815 ret=0 
V/NdkpLib (  757): @fun=NDK_RpcTransRW, line1850 the command(0x00e1) be found! 
V/NdkpLib (  757): packageName(19): com.tarang.payswiff
V/NdkpLib (  757): @func=posNDK_SECP_Process line1413, packageName(19): com.tarang.payswiff
V/NdkpLib (  757): packageName(19): com.tarang.payswiff
V/NdkpLib (  757): owner(0): 
V/NdkpLib (  757): flag=0
E/NdkpLib (  757): Data packed cmd=CMD_NDK_SecGetDukptKsn:
E/NdkpLib (  757): e1 00 00 00 63 03 6e 6e 6e 76
V/NdkpLib (  757): send_resp_a_cmd,line494: ret=26
E/NdkpLib (  757): call CMD_NDK_SecGetDukptKsn error, ret=-1309
V/MPosCmdLib(  757): Out frame:
V/MPosCmdLib(  757): 02 00 24 1e 10 2f 42 30 30 00 16 e1 00 00 00 e3 fa ff ff 04 00 00 00 00 00 00 00 03 ae
V/MPosCmdLib(  757): 
V/NdkpLib (29320): send_resp_a_cmd,line494: ret=16
D/IntelligentTerminalLib(29320): [V2.0.5][NDK_ERR][mpos_cmd_mag.c][mpos_SecSingleTrackEncrypt][2867] NDK_SecGetDukptKsn:ndk ret[-1309]
D/IntelligentTerminalLib(29320): key_index[3]
D/IntelligentTerminalLib(29320): [V2.0.5][DEG][mpos_api_frame.c][Pack_a_frame_new][ResponseCmd][1096]
D/IntelligentTerminalLib(29320): 30 30 00 12 00 38 35 38 38 38 34 38 38 36 34 32 30 39 37 35 33 31 31 35 39 44 44 42 34 46 44 42 44 44 46 45 31 44 38 34 41 38 30 30 00 00 00 00 00 00 00 00 00 00 00 00
D/IntelligentTerminalLib(29320): >>>[V2.0.5]CmdAction[OUT] Cmd[0xd107] CmdDesc[CMD_CARD_GETTRACK_EN]
D/IntelligentTerminalLib(29320): _jniMposLibCmd OUT ret[0]
D/com.newland.mtypex.nseries3.b(29320): ------------SynInvokeRunnable---notify-------------------
D/com.newland.mtypex.nseries3.b(29320): -------------(debug)jniMposLibCmd_responeCode:0,deviceCmd:com.newland.c.a.q.a@21d65b81
D/com.newland.mtypex.nseries3.b(29320): -------------(debug)jniMposLibCmd_responseData:3030001200383538383834383836343230393735333131353944444234464442444446453144383441383030000000000000000000000000,deviceCmd:com.newland.c.a.q.a@21d65b81
D/com.newland.mtypex.c.b.c(29320): -------ÂìçÂ∫îÁ†ÅÔºö3030
D/com.newland.mtypex.c.b.c(29320): receive resp nativeCode:0
D/com.newland.mtypex.c.b.c(29320): start unpack response,content[00 12 00 38 35 38 38 38 34 38 38 36 34 32 30 39 37 35 33 31 31 35 39 44 44 42 34 46 44 42 44 44 46 45 31 44 38 34 41 38 30 30 00 00 00 00 00 00 00 00 00 00 00 00]
D/com.newland.mtypex.e(29320): try to set com.newland.mtype.module.common.swiper.SwipResultType into com.newland.c.a.q.a$a's rsltType!
D/com.newland.mtypex.e(29320): try to set java.lang.Byte into com.newland.c.a.q.a$a's readModel!
D/com.newland.mtypex.e(29320): try to set [B into com.newland.c.a.q.a$a's trackData!
D/com.newland.mtypex.e(29320): try to set [B into com.newland.c.a.q.a$a's ksn!
D/com.newland.mtypex.e(29320): try to set null into com.newland.c.a.q.a$a's extInfo!
V/responce(29320): Tag Msg --Poss---------8
V/responce(29320): Tag Msg --TAG -3 -- Mess-&gt;&gt;&gt;&gt;2-track ciphertext:3538383834383836343230393735333131353944444234464442444446453144383441383030
D/com.newland.me.module.d.a.g(29320): ----emvFetchData-------tags---:9F26
D/com.newland.me.module.d.a.g(29320): ----emvFetchData-------tags---:9F10
D/com.newland.me.module.d.a.g(29320): ----emvFetchData-------tags---:9F27
D/com.newland.me.module.d.a.g(29320): ----emvFetchData-------tags---:9F37
D/com.newland.me.module.d.a.g(29320): ----emvFetchData-------tags---:9F36
D/com.newland.me.module.d.a.g(29320): ----emvFetchData-------tags---:95
D/com.newland.me.module.d.a.g(29320): ----emvFetchData-------tags---:9A
D/com.newland.me.module.d.a.g(29320): ----emvFetchData-------tags---:9C
D/com.newland.me.module.d.a.g(29320): ----emvFetchData-------tags---:9F02
D/com.newland.me.module.d.a.g(29320): ----emvFetchData-------tags---:5F2A
D/com.newland.me.module.d.a.g(29320): ----emvFetchData-------tags---:82
D/com.newland.me.module.d.a.g(29320): ----emvFetchData-------tags---:9F1A
D/com.newland.me.module.d.a.g(29320): ----emvFetchData-------tags---:9F03
D/com.newland.me.module.d.a.g(29320): ----emvFetchData-------tags---:9F33
D/com.newland.me.module.d.a.g(29320): ----emvFetchData-------tags---:9F34
D/com.newland.me.module.d.a.g(29320): ----emvFetchData-------tags---:9F35
D/com.newland.me.module.d.a.g(29320): ----emvFetchData-------tags---:9F1E
D/com.newland.me.module.d.a.g(29320): ----emvFetchData-------tags---:84
D/com.newland.me.module.d.a.g(29320): ----emvFetchData-------tags---:50
D/com.newland.me.module.d.a.g(29320): ----emvFetchData-------tags---:4F
D/com.newland.me.module.d.a.g(29320): ----emvFetchData-------tags---:9F12
D/com.newland.me.module.d.a.g(29320): ----emvFetchData-------tags---:DF01
D/com.newland.me.module.d.a.g(29320): ----emvFetchData-------tags---:9B
D/com.newland.me.module.d.a.g(29320): ----emvFetchData-------tags---:8A
D/com.newland.me.module.d.a.g(29320): ----emvFetchData-------tags---:5A
D/com.newland.me.module.d.a.g(29320): ----emvFetchData-------tags---:57
V/responce(29320): Tag Msg --data55 --9F2608CC9712FF0AF267D09F10120111279003020000F74CB36EE489FC6E5ECF9F2701009F3704FFFFFFFF9F360200A2950500000080009A031911259C01009F02060000000001005F2A020682820238009F1A0206829F03060000000000009F3303E0F0C89F34034403029F3501229F1E033628158407A000000228101050046D6164614F07A00000022810109F120A6D6164612044656269749B02E8008A0235335A0A5888488642097531159F57135888488642097531159D201260001774860000
V/responce(29320): Tag Msg --MyData55 --9F2608CC9712FF0AF267D09F10120111279003020000F74CB36EE489FC6E5ECF9F2701009F3704FFFFFFFF9F360200A2950500000080009A031911259C01009F02060000000001005F2A020682820238009F1A0206829F03060000000000009F3303E0F0C89F34034403029F3501229F1E033628158407A000000228101050046D6164614F07A00000022810109F120A6D6164612044656269749B02E8008A0235335A0A5888488642097531159F57135888488642097531159D201260001774860000
V/responce(29320): Tag Msg --Poss---------9
V/responce(29320): Tag Msg --TAG -3 -- Mess-&gt;&gt;&gt;&gt;55 tag:9F2608CC9712FF0AF267D09F10120111279003020000F74CB36EE489FC6E5ECF9F2701009F3704FFFFFFFF9F360200A2950500000080009A031911259C01009F02060000000001005F2A020682820238009F1A0206829F03060000000000009F3303E0F0C89F34034403029F3501229F1E033628158407A000000228101050046D6164614F07A00000022810109F120A6D6164612044656269749B02E8008A0235335A0A5888488642097531159F57135888488642097531159D201260001774860000
D/com.newland.me.module.d.a.g(29320): ----emvFetchData-------tags---:9F33
D/com.newland.me.module.d.a.g(29320): ----emvFetchData-------tags---:9F34
D/com.newland.me.module.d.a.g(29320): ----emvFetchData-------tags---:9F35
D/com.newland.me.module.d.a.g(29320): ----emvFetchData-------tags---:95
D/com.newland.me.module.d.a.g(29320): ----emvFetchData-------tags---:9F37
D/com.newland.me.module.d.a.g(29320): ----emvFetchData-------tags---:9F1E
D/com.newland.me.module.d.a.g(29320): ----emvFetchData-------tags---:9F10
D/com.newland.me.module.d.a.g(29320): ----emvFetchData-------tags---:9F26
D/com.newland.me.module.d.a.g(29320): ----emvFetchData-------tags---:9F27
D/com.newland.me.module.d.a.g(29320): ----emvFetchData-------tags---:9F36
D/com.newland.me.module.d.a.g(29320): ----emvFetchData-------tags---:82
D/com.newland.me.module.d.a.g(29320): ----emvFetchData-------tags---:DF31
D/com.newland.me.module.d.a.g(29320): ----emvFetchData-------tags---:9F1A
D/com.newland.me.module.d.a.g(29320): ----emvFetchData-------tags---:9A
D/com.newland.me.module.d.a.g(29320): ----emvFetchData-------tags---:9C
D/com.newland.me.module.d.a.g(29320): ----emvFetchData-------tags---:9F02
D/com.newland.me.module.d.a.g(29320): ----emvFetchData-------tags---:5F2A
D/com.newland.me.module.d.a.g(29320): ----emvFetchData-------tags---:84
D/com.newland.me.module.d.a.g(29320): ----emvFetchData-------tags---:9F09
D/com.newland.me.module.d.a.g(29320): ----emvFetchData-------tags---:9F41
D/com.newland.me.module.d.a.g(29320): ----emvFetchData-------tags---:9F63
V/responce(29320): Tag Msg --Poss---------10
V/responce(29320): Tag Msg --TAG -3 -- Mess-&gt;&gt;&gt;&gt;Script:9F3303E0F0C89F34034403029F350122950500000080009F3704FFFFFFFF9F1E033628159F10120111279003020000F74CB36EE489FC6E5ECF9F2608CC9712FF0AF267D09F2701009F360200A2820238009F1A0206829A031911259C01009F02060000000001005F2A0206828407A00000022810109F090200029F410400000000
D/com.newland.me.module.d.a.g(29320): ----emvFetchData-------tags---:95
D/com.newland.me.module.d.a.g(29320): ----emvFetchData-------tags---:9F1E
D/com.newland.me.module.d.a.g(29320): ----emvFetchData-------tags---:9F10
D/com.newland.me.module.d.a.g(29320): ----emvFetchData-------tags---:9F36
D/com.newland.me.module.d.a.g(29320): ----emvFetchData-------tags---:DF31
V/responce(29320): Tag Msg --Poss---------11
V/responce(29320): Tag Msg --TAG -3 -- Mess-&gt;&gt;&gt;&gt;Reversal:950500000080009F1E033628159F10120111279003020000F74CB36EE489FC6E5ECF9F360200A2
V/responce(29320): Tag Msg --isCancelled false
V/responce(29320): Tag Msg --isPinRequires 2
V/responce(29320): Tag Msg --isPinCancelled false
V/responce(29320): Tag Msg --Pin true
V/responce(29320): Tag Msg --tag --9F2608CC9712FF0AF267D09F10120111279003020000F74CB36EE489FC6E5ECF9F2701009F3704FFFFFFFF9F360200A2950500000080009A031911259C01009F02060000000001005F2A020682820238009F1A0206829F03060000000000009F3303E0F0C89F34034403029F3501229F1E033628158407A000000228101050046D6164614F07A00000022810109F120A6D6164612044656269749B02E8008A0235335A0A5888488642097531159F57135888488642097531159D201260001774860000
V/responce(29320): Tag Msg --tag55[0] --9F26
V/responce(29320): Tag Msg --tagValue[0] --CC9712FF0AF267D0
V/responce(29320): Tag Msg --tag55[1] --9F10
V/responce(29320): Tag Msg --tagValue[1] --0111279003020000F74CB36EE489FC6E5ECF
V/responce(29320): Tag Msg --tag55[2] --9F27
V/responce(29320): Tag Msg --tagValue[2] --00
V/responce(29320): Tag Msg --tag55[3] --9F37
V/responce(29320): Tag Msg --tagValue[3] --FFFFFFFF
V/responce(29320): Tag Msg --tag55[4] --9F36
V/responce(29320): Tag Msg --tagValue[4] --00A2
V/responce(29320): Tag Msg --tag55[5] --95
V/responce(29320): Tag Msg --tagValue[5] --0000008000
V/responce(29320): Tag Msg --tag55[6] --9A
V/responce(29320): Tag Msg --tagValue[6] --191125
V/responce(29320): Tag Msg --tag55[7] --9C
V/responce(29320): Tag Msg --tagValue[7] --00
V/responce(29320): Tag Msg --tag55[8] --9F02
V/responce(29320): Tag Msg --tagValue[8] --000000000100
V/responce(29320): Tag Msg --tag55[9] --5F2A
V/responce(29320): Tag Msg --tagValue[9] --0682
V/responce(29320): Tag Msg --tag55[10] --82
V/responce(29320): Tag Msg --tagValue[10] --3800
V/responce(29320): Tag Msg --tag55[11] --9F1A
V/responce(29320): Tag Msg --tagValue[11] --0682
V/responce(29320): Tag Msg --tag55[12] --9F03
V/responce(29320): Tag Msg --tagValue[12] --000000000000
V/responce(29320): Tag Msg --tag55[13] --9F33
V/responce(29320): Tag Msg --tagValue[13] --E0F0C8
V/responce(29320): Tag Msg --tag55[14] --9F34
V/responce(29320): Tag Msg --tagValue[14] --440302
V/responce(29320): Tag Msg --tag55[15] --9F35
V/responce(29320): Tag Msg --tagValue[15] --22
V/responce(29320): Tag Msg --tag55[16] --9F1E
V/responce(29320): Tag Msg --tagValue[16] --362815
V/responce(29320): Tag Msg --tag55[17] --84
V/responce(29320): Tag Msg --tagValue[17] --A0000002281010
V/responce(29320): Tag Msg --tag55[18] --50
V/responce(29320): Tag Msg --tagValue[18] --6D616461
V/responce(29320): Tag Msg --tag55[19] --4F
V/responce(29320): Tag Msg --tagValue[19] --A0000002281010
V/responce(29320): Tag Msg --tag55[20] --9F12
V/responce(29320): Tag Msg --tagValue[20] --6D616461204465626974
V/responce(29320): Tag Msg --tag55[21] --9B
V/responce(29320): Tag Msg --tagValue[21] --E800
V/responce(29320): Tag Msg --tag55[22] --8A
V/responce(29320): Tag Msg --tagValue[22] --3533
V/responce(29320): Tag Msg --tagoffLine -00
V/responce(29320): Tag Msg --tagoffLine -true
V/responce(29320): Tag Msg --AppConfig.EMV.enableDatabaseUpdate --true
V/responce(29320): Tag Msg --Case 7
I/Timeline(29320): Timeline: Activity_launch_request id:com.tarang.payswiff time:51541959
E/BarController(  757): checkHiddenLw
E/WindowManager(  757): finishPostLayoutPolicyLw
E/BarController(  757): isTransientShowing
E/BarController(  757): setBarShowingLw
E/BarController(  757): computeStateLw
E/BarController(  757): updateStateLw
E/BarController(  757): applyTranslucentFlagLw
E/BarController(  757): applyTranslucentFlagLw
E/WindowManager(  757): mTopFullscreenOpaqueWindowState != null
E/WindowManager(  757):  LayoutParams:1024
E/WindowManager(  757): transientStatusBarAllowed:true hideStatusBarWM:true hideStatusBarSysui:false immersiveSticky:false statusBarHasFocus:false
E/BarController(  757): isTransientShowRequested
E/BarController(  757): isTransientShowRequested
E/WindowManager(  757): transientStatusBarAllowed:true
E/BarController(  757): updateVisibilityLw
E/BarController(  757): isTransientShowing
E/BarController(  757): isTransientShowRequested
E/BarController(  757): updateVisibilityLw
E/BarController(  757): isTransientShowing
E/BarController(  757): isTransientShowRequested
V/FA      (29320): Recording user engagement, ms: 4796
V/responce(29320): Tag Msg --New Intent --false
V/responce(29320): Tag Msg --primaryAccNo2 -5888488642097531159
I/System.out(29320): 5888 48** **** ***1 159
V/responce(29320): Tag Msg --primaryAccNo2 -588848*********1159
V/responce(29320): Tag Msg --Result --2
V/responce(29320): Tag Msg --checkAdvice
V/responce(29320): Tag Msg --checkAdvice true
V/responce(29320): Tag Msg --onLinePrint --0
V/responce(29320): Tag Msg --printReceipt -true
D/com.newland.mtypex.nseries3.b(29320): ---------wait-----------timeout:-1
D/com.newland.mtypex.c.a(29320): 53]
D/com.newland.mtypex.c.b.c(29320): ------------ÁªÑË£ÖJINIÊñπÂºèÁöÑËØ∑Ê±ÇÂåÖ:1B4753
V/FA      (29320): Activity paused, time: 362693896
D/com.newland.mtypex.nseries3.b(29320): ---------(debug)execute command data:1B4753,deviceCmd:com.newland.c.a.l.a@1e9bacb2
D/IntelligentTerminalLib(29320): _jniMposLibCmd IN
D/IntelligentTerminalLib(29320): [V2.0.5][DEG][mpos_api_frame.c][mposLibCmd_new][ReceiveCmd][1359]
D/IntelligentTerminalLib(29320): 1b 47 53
D/IntelligentTerminalLib(29320): >>>[V2.0.5]CmdAction[IN] Cmd[0x1b47] CmdDesc[CMD_PRN_GETPRNSTATUS]
E/NdkpLib (29320): Data packed cmd=CMD_NDK_PrnGetStatus:
E/NdkpLib (29320): 1a 00 00 00 76
V/MPosCmdLib(  757): szCmdIn:(iLenin=28)
V/MPosCmdLib(  757): 02 00 23 1e 10 2f 43 00 00 07 d0 00 00 72 88 00 00 01 7c 00 05 1a 00 00 00 76 03 7b
V/MPosCmdLib(  757): 1299 mposLibCmd
V/MPosCmdLib(  757): 1304 mposLibCmd ret 0
V/NdkpLib (  757): @func=NDK_RpcTransRW pid=29320, permission=0x17c, cmdId=26
V/NdkpLib (  757): @func=posNDK_Access_Process,cmdId=26 magEventRegistered=0, iccEventRegistered=0, rfidEventRegistered=0 magPid=0, iccPid=0, rfidPid=0
V/NdkpLib (  757): @func=NDK_RpcTransRW, line=1815 ret=0 
E/NdkpLib (  757): @FILE=E:/27_Œ Ã‚±Ì/Pad-v3.0/build/build_N900_4G/api//jni/platform.c,line=238, (index*2+1) <= len ret=0,but expect:1
V/NdkpLib (  757): @fun=NDK_RpcTransRW, line1867 the command(0x001a) not be found!
D/FA      (29320): Logging event (FE): user_engagement(_e), Bundle[{ga_event_origin(_o)=auto, engagement_time_msec(_et)=4796, ga_screen_class(_sc)=PrintActivity, ga_screen_id(_si)=3311723253323424546}]
V/NdkpLib (  757): send_resp_a_cmd,line494: ret=16
E/NdkpLib (  757): CMD_NDK_PrnGetStatus ret=0, executed from K21 in SUCCESS!
V/MPosCmdLib(  757): Out frame:
V/MPosCmdLib(  757): 02 00 24 1e 10 2f 44 30 30 00 16 1a 00 00 00 00 00 00 00 04 00 00 00 00 00 00 00 03 4a
V/MPosCmdLib(  757): 
V/NdkpLib (29320): send_resp_a_cmd,line494: ret=16
D/IntelligentTerminalLib(29320): [V2.0.5][DEG][mpos_api_frame.c][Pack_a_frame_new][ResponseCmd][1096]
D/IntelligentTerminalLib(29320): 30 30 00
D/IntelligentTerminalLib(29320): >>>[V2.0.5]CmdAction[OUT] Cmd[0x1b47] CmdDesc[CMD_PRN_GETPRNSTATUS]
D/IntelligentTerminalLib(29320): _jniMposLibCmd OUT ret[0]
D/com.newland.mtypex.nseries3.b(29320): ------------SynInvokeRunnable---notify-------------------
D/com.newland.mtypex.nseries3.b(29320): -------------(debug)jniMposLibCmd_responeCode:0,deviceCmd:com.newland.c.a.l.a@1e9bacb2
D/com.newland.mtypex.nseries3.b(29320): -------------(debug)jniMposLibCmd_responseData:303000,deviceCmd:com.newland.c.a.l.a@1e9bacb2
D/com.newland.mtypex.c.b.c(29320): -------ÂìçÂ∫îÁ†ÅÔºö3030
D/com.newland.mtypex.c.b.c(29320): receive resp nativeCode:0
D/com.newland.mtypex.c.b.c(29320): start unpack response,content[00]
D/com.newland.mtypex.e(29320): try to set com.newland.mtype.module.common.printer.PrinterStatus into com.newland.c.a.l.a$a's printerStatus!
V/responce(29320): Tag Msg --Print 2
V/responce(29320): Tag Msg --getConnectionStatus -4
E/BarController(  757): applyTranslucentFlagLw
E/BarController(  757): applyTranslucentFlagLw
E/WindowManager(  757): mTopFullscreenOpaqueWindowState != null
E/WindowManager(  757):  LayoutParams:1024
E/WindowManager(  757): transientStatusBarAllowed:true hideStatusBarWM:true hideStatusBarSysui:false immersiveSticky:false statusBarHasFocus:false
E/BarController(  757): isTransientShowRequested
E/BarController(  757): isTransientShowRequested
E/WindowManager(  757): transientStatusBarAllowed:true
E/BarController(  757): updateVisibilityLw
E/BarController(  757): isTransientShowing
E/BarController(  757): isTransientShowRequested
E/BarController(  757): updateVisibilityLw
E/BarController(  757): isTransientShowing
E/BarController(  757): isTransientShowRequested
E/BarController(  757): checkHiddenLw
E/WindowManager(  757): finishPostLayoutPolicyLw
E/BarController(  757): isTransientShowing
E/BarController(  757): setBarShowingLw
E/BarController(  757): computeStateLw
E/BarController(  757): updateStateLw
E/BarController(  757): applyTranslucentFlagLw
E/BarController(  757): applyTranslucentFlagLw
E/WindowManager(  757): mTopFullscreenOpaqueWindowState != null
E/WindowManager(  757):  LayoutParams:1024
E/WindowManager(  757): transientStatusBarAllowed:true hideStatusBarWM:true hideStatusBarSysui:false immersiveSticky:false statusBarHasFocus:false
E/BarController(  757): isTransientShowRequested
E/BarController(  757): isTransientShowRequested
E/WindowManager(  757): transientStatusBarAllowed:true
E/BarController(  757): updateVisibilityLw
E/BarController(  757): isTransientShowing
E/BarController(  757): isTransientShowRequested
E/BarController(  757): updateVisibilityLw
E/BarController(  757): isTransientShowing
E/BarController(  757): isTransientShowRequested
V/responce(29320): Tag Msg --Message --Printing
E/BarController(  757): adjustSystemUiVisibilityLwoldVis:34304vis:34304
E/BarController(  757): adjustSystemUiVisibilityLwoldVis:34304vis:34304
W/Resources(29320): Converting to string: TypedValue{t=0x12/d=0x0 a=2 r=0x7f0800de}
W/Resources(29320): Converting to string: TypedValue{t=0x12/d=0x0 a=2 r=0x7f08017b}
W/Resources(29320): Converting to string: TypedValue{t=0x12/d=0x0 a=2 r=0x7f08005f}
W/Resources(29320): Converting to string: TypedValue{t=0x12/d=0x0 a=2 r=0x7f080062}
W/Resources(29320): Converting to string: TypedValue{t=0x12/d=0x0 a=2 r=0x7f0800fb}
I/ViewRootImpl(29320): CPU Rendering VSync enable = true
V/WindowManager(  757): not Base app: Adding window Window{34d057c2 u0 com.tarang.payswiff/com.tarang.payswiff.view.activities.PrintActivity} at 5 of 10
E/BarController(  757): applyTranslucentFlagLw
E/BarController(  757): applyTranslucentFlagLw
E/WindowManager(  757): mTopFullscreenOpaqueWindowState != null
E/WindowManager(  757):  LayoutParams:1024
E/WindowManager(  757): transientStatusBarAllowed:true hideStatusBarWM:true hideStatusBarSysui:false immersiveSticky:false statusBarHasFocus:false
E/BarController(  757): isTransientShowRequested
E/BarController(  757): isTransientShowRequested
E/WindowManager(  757): transientStatusBarAllowed:true
E/BarController(  757): updateVisibilityLw
E/BarController(  757): isTransientShowing
E/BarController(  757): isTransientShowRequested
E/BarController(  757): updateVisibilityLw
E/BarController(  757): isTransientShowing
E/BarController(  757): isTransientShowRequested
E/BarController(  757): adjustSystemUiVisibilityLwoldVis:32768vis:32768
E/BarController(  757): adjustSystemUiVisibilityLwoldVis:32768vis:32768
V/responce(29320): Tag Msg --UUID -1-2d658cc0-0780-47be-9edc-12cedfb2fef2
V/FA      (29320): Logging event: origin=auto,name=user_engagement(_e),params=Bundle[{ga_event_origin(_o)=auto, engagement_time_msec(_et)=4796, ga_screen_class(_sc)=PrintActivity, ga_screen_id(_si)=3311723253323424546}]
E/BarController(  757): checkHiddenLw
E/WindowManager(  757): finishPostLayoutPolicyLw
E/BarController(  757): isTransientShowing
E/BarController(  757): setBarShowingLw
E/BarController(  757): computeStateLw
E/BarController(  757): updateStateLw
E/BarController(  757): applyTranslucentFlagLw
E/BarController(  757): applyTranslucentFlagLw
E/WindowManager(  757): mTopFullscreenOpaqueWindowState != null
E/WindowManager(  757):  LayoutParams:1024
E/WindowManager(  757): transientStatusBarAllowed:true hideStatusBarWM:true hideStatusBarSysui:false immersiveSticky:false statusBarHasFocus:false
E/BarController(  757): isTransientShowRequested
E/BarController(  757): isTransientShowRequested
E/WindowManager(  757): transientStatusBarAllowed:true
E/BarController(  757): updateVisibilityLw
E/BarController(  757): isTransientShowing
E/BarController(  757): isTransientShowRequested
E/BarController(  757): updateVisibilityLw
E/BarController(  757): isTransientShowing
E/BarController(  757): isTransientShowRequested
E/BarController(  757): checkHiddenLw
E/WindowManager(  757): finishPostLayoutPolicyLw
E/BarController(  757): isTransientShowing
E/BarController(  757): setBarShowingLw
E/BarController(  757): computeStateLw
E/BarController(  757): updateStateLw
E/BarController(  757): applyTranslucentFlagLw
E/BarController(  757): applyTranslucentFlagLw
E/WindowManager(  757): mTopFullscreenOpaqueWindowState != null
E/WindowManager(  757):  LayoutParams:1024
E/WindowManager(  757): transientStatusBarAllowed:true hideStatusBarWM:true hideStatusBarSysui:false immersiveSticky:false statusBarHasFocus:false
E/BarController(  757): isTransientShowRequested
E/BarController(  757): isTransientShowRequested
E/WindowManager(  757): transientStatusBarAllowed:true
E/BarController(  757): updateVisibilityLw
E/BarController(  757): isTransientShowing
E/BarController(  757): isTransientShowRequested
E/BarController(  757): updateVisibilityLw
E/BarController(  757): isTransientShowing
E/BarController(  757): isTransientShowRequested
D/com.newland.c.b.k.b(29320): setFonts file is exists ! fileName=/data/data/com.tarang.payswiff/files/fonts/arial.ttf
V/FA      (29320): Saving event, name, data size: user_engagement(_e), 68
D/com.newland.c.b.k.b(29320): setFonts file is exists ! fileName=/data/data/com.tarang.payswiff/files/fonts/ARIALBD.TTF
V/FA      (29320): Event recorded: Event{appId='com.tarang.payswiff', name='user_engagement(_e)', params=Bundle[{ga_event_origin(_o)=auto, engagement_time_msec(_et)=4796, ga_screen_class(_sc)=PrintActivity, ga_screen_id(_si)=3311723253323424546}]}
D/com.newland.c.b.k.b(29320): setFonts file is exists ! fileName=/data/data/com.tarang.payswiff/files/fonts/cour.ttf
D/com.newland.c.b.k.b(29320): setFonts file is exists ! fileName=/data/data/com.tarang.payswiff/files/fonts/courbd.ttf
D/com.newland.c.b.k.b(29320): setFonts file is exists ! fileName=/data/data/com.tarang.payswiff/files/fonts/simsun.ttc
V/FA      (29320): Upload scheduled in approximately ms: 1351770
E/BarController(  757): checkHiddenLw
E/WindowManager(  757): finishPostLayoutPolicyLw
E/BarController(  757): isTransientShowing
E/BarController(  757): setBarShowingLw
E/BarController(  757): computeStateLw
E/BarController(  757): updateStateLw
E/BarController(  757): applyTranslucentFlagLw
E/BarController(  757): applyTranslucentFlagLw
E/WindowManager(  757): mTopFullscreenOpaqueWindowState != null
E/WindowManager(  757):  LayoutParams:1024
E/WindowManager(  757): transientStatusBarAllowed:true hideStatusBarWM:true hideStatusBarSysui:false immersiveSticky:false statusBarHasFocus:false
E/BarController(  757): isTransientShowRequested
E/BarController(  757): isTransientShowRequested
E/WindowManager(  757): transientStatusBarAllowed:true
E/BarController(  757): updateVisibilityLw
E/BarController(  757): isTransientShowing
E/BarController(  757): isTransientShowRequested
E/BarController(  757): updateVisibilityLw
E/BarController(  757): isTransientShowing
E/BarController(  757): isTransientShowRequested
E/BarController(  757): checkHiddenLw
E/WindowManager(  757): finishPostLayoutPolicyLw
E/BarController(  757): isTransientShowing
E/BarController(  757): setBarShowingLw
E/BarController(  757): computeStateLw
E/BarController(  757): updateStateLw
E/BarController(  757): applyTranslucentFlagLw
E/BarController(  757): applyTranslucentFlagLw
E/WindowManager(  757): mTopFullscreenOpaqueWindowState != null
E/WindowManager(  757):  LayoutParams:1024
E/WindowManager(  757): transientStatusBarAllowed:true hideStatusBarWM:true hideStatusBarSysui:false immersiveSticky:false statusBarHasFocus:false
E/BarController(  757): isTransientShowRequested
E/BarController(  757): isTransientShowRequested
E/WindowManager(  757): transientStatusBarAllowed:true
E/BarController(  757): updateVisibilityLw
E/BarController(  757): isTransientShowing
E/BarController(  757): isTransientShowRequested
E/BarController(  757): updateVisibilityLw
E/BarController(  757): isTransientShowing
E/BarController(  757): isTransientShowRequested
E/WindowManager(  757): finishPostLayoutPolicyLw
E/BarController(  757): isTransientShowing
E/BarController(  757): setBarShowingLw
E/BarController(  757): computeStateLw
E/BarController(  757): updateStateLw
E/BarController(  757): applyTranslucentFlagLw
E/BarController(  757): applyTranslucentFlagLw
E/WindowManager(  757): mTopFullscreenOpaqueWindowState != null
E/WindowManager(  757):  LayoutParams:1024
E/WindowManager(  757): transientStatusBarAllowed:true hideStatusBarWM:true hideStatusBarSysui:false immersiveSticky:false statusBarHasFocus:false
E/BarController(  757): isTransientShowRequested
E/BarController(  757): isTransientShowRequested
E/WindowManager(  757): transientStatusBarAllowed:true
E/BarController(  757): updateVisibilityLw
E/BarController(  757): isTransientShowing
E/BarController(  757): isTransientShowRequested
E/BarController(  757): updateVisibilityLw
E/BarController(  757): isTransientShowing
E/BarController(  757): isTransientShowRequested
V/FA      (29320): Scheduling upload with AlarmManager
V/responce(29320): Tag Msg --SAF --false
V/responce(29320): Tag Msg --printReceipt -State-ENQUEUED
V/FA      (29320): Background event processing time, ms: 76
E/WindowManager(  757): finishPostLayoutPolicyLw
E/BarController(  757): isTransientShowing
E/BarController(  757): setBarShowingLw
E/BarController(  757): computeStateLw
E/BarController(  757): updateStateLw
E/BarController(  757): applyTranslucentFlagLw
E/BarController(  757): applyTranslucentFlagLw
E/WindowManager(  757): mTopFullscreenOpaqueWindowState != null
E/WindowManager(  757):  LayoutParams:1024
E/WindowManager(  757): transientStatusBarAllowed:true hideStatusBarWM:true hideStatusBarSysui:false immersiveSticky:false statusBarHasFocus:false
E/BarController(  757): isTransientShowRequested
E/BarController(  757): isTransientShowRequested
E/WindowManager(  757): transientStatusBarAllowed:true
E/BarController(  757): updateVisibilityLw
E/BarController(  757): isTransientShowing
E/BarController(  757): isTransientShowRequested
E/BarController(  757): updateVisibilityLw
E/BarController(  757): isTransientShowing
E/BarController(  757): isTransientShowRequested
E/BarController(  757): checkHiddenLw
E/WindowManager(  757): finishPostLayoutPolicyLw
E/BarController(  757): isTransientShowing
E/BarController(  757): setBarShowingLw
E/BarController(  757): computeStateLw
E/BarController(  757): updateStateLw
E/BarController(  757): applyTranslucentFlagLw
E/BarController(  757): applyTranslucentFlagLw
E/WindowManager(  757): mTopFullscreenOpaqueWindowState != null
E/WindowManager(  757):  LayoutParams:1024
E/WindowManager(  757): transientStatusBarAllowed:true hideStatusBarWM:true hideStatusBarSysui:false immersiveSticky:false statusBarHasFocus:false
E/BarController(  757): isTransientShowRequested
E/BarController(  757): isTransientShowRequested
E/WindowManager(  757): transientStatusBarAllowed:true
E/BarController(  757): updateVisibilityLw
E/BarController(  757): isTransientShowing
E/BarController(  757): isTransientShowRequested
E/BarController(  757): updateVisibilityLw
E/BarController(  757): isTransientShowing
E/BarController(  757): isTransientShowRequested
V/responce(29320): Tag Msg --printReceipt -State-RUNNING
V/responce(29320): Tag Msg --lastTrans -1-TransactionModelEntity{uid=6, mti0='1200', primaryAccNo2='5888488642097531159', processingCode3='000000', amtTransaction4='100', transmissionDateTime7='1125103422', systemTraceAuditnumber11='000257', timeLocalTransaction12='191125040422', dateExpiration14='12/20', posEntrymode22='51030151134C', cardSequenceNumber23='001', functioncode24='200', posConditionCode25='1506', posPinCaptureCode26='7399', amtTransFee28='', amtTranProcessingFee30='', accuringInsituteIdCode32='588847', track2Data35='5888488642097531159D20126000177486000', retriRefNo37='128030581181', authIdResCode38='', responseCode39='100', cardAcceptorTemId41='1234567812121234', cardAcceptorIdCode42='800150400566   ', additionalDataNational47='RAJBP1', additionalDataPrivate48='', currCodeTransaction49='682', currCodeStatleMent50='', pinData52='', secRelatedContInfo53='18FFFF00362811000007363039', addlAmt54='', iccCardSystemRelatedData55='9F26084230411E1DD580B29F10120111A78003020000F74CB36EE489FC6E5ECF9F2701809F3704FFFFFFFF9F360200A2950500000080009A031911259C01009F02060000000001005F2A020682820238009F1A0206829F03060000000000009F3303E0F0C89F34034403029F3501229F1E033628158407A000000228101050046D6164614F07A00000022810109F120A6D6164612044656269749B02E8005A0A5888488642097531159F57135888488642097531159D201260001774860000', msgReasonCode56='', echoData59='', reservedData62='0110220304042204005007N215512E08246470901016110001711161100019121611000151316110001914128030581179150100001601010102', messageAuthenticationCodeField64=[121, -51, 62, -66, -1, -1, -1, -1], dataRecord72='', reservedData124='', macExt128=null, nameTransactionTag='PURCHASE', statusTransaction=2, saf=false, startTimeTransaction='25/11/2019 16:04:22', endTimeTransaction='25/11/2019 16:04:25', startTimeConnection='25/11/2019 16:04:23', endTimeConnection='25/11/2019 16:04:25', modeTransaction='DIPPED'}
V/responce(29320): Tag Msg --retailerDataModel --RetailerDataModel{nextLoad='', reconcillationTime='', retailerNameInArabic='√•√ô√ë√ñ √ì√§√™√•√á√¶ √á√§√ì√™√° √§√§√á√®√á√¶√™ √á√§√•√¶√í√§', retailerNumberEnglish='800150400566', retailerNameEnglish='Digital Pay', retailerLanguageIndicator='1', terminalCurrencyCode='682', terminalCountryCode='682', transactionCurrencyExponent='02', currencySymbolArabic='', currencySymbolEnglish='SAR', arabicReceipt1='', arabicReceipt2='', englishReceipt1='', englishReceipt2='', retailerAddress1Arabic='√ó√ë√™√¢ √á√§√•√§√£ √é√á√§√è', retailerAddress1English='KING KHALIED ROAD', retailerAddress2Arabic='√à√ë√™√è√â', retailerAddress2English='', terminalCapability='E0F0C8', additionalTerminalCapabilities='D000F0A000', downloadPhoneNumber='', eMVTerminalType='22', automaticLoad='0', sAFRetryLimit='03', sAFDefaultMessageTransmissionNumber='02'}
V/responce(29320): Tag Msg --id --RAJBP1
V/responce(29320): Tag Msg --indicator --P1
V/FA      (29320): Activity resumed, time: 362693998
V/responce(29320): Tag Msg --cardData --TMSCardSchemeEntity{id=34, cardIndicator='P1', cardNameArabic='√á√§√î√à√£√â √á√§√ì√ô√®√è√™√â', cardNameEnglish='SPAN', cardSchemeID='RAJB', merchantCategoryCode='7399', merchantID='800150400566   ', terminalID='06804344', emvEnabled=true, serviceCodeEnabled=true, offlineRefundEnabled='false', transactionAllowed='1111111000000000', cardHolderAuth='0302000000000000', supervisorFunctions='0001000000000000', manualEntryEnabled='1111111000000000', floorLimitEnabled=true, terminalFloorLimit='1000', terminalFloorLimitFallback='', maximumCashback='100', maxTransactionAmtIndicator='1111111100000000', maxTransactionAmt='70000', luhnCheckEnabled=true, expiryDataPosition='00', delayCallSetup='1 ', binRanges='400861|417633|419593|428331|431361|432328|439954|439956|440533|440647|440795|443927|445564|446404|446672|455036|455708|457865|458456|462220|483010|484783|493428|504300|508160|521076|524514|527016|529741|530906|531095|532013|535989|537767|539931|543357|557606|557755|557756|558848|585265|588982|588983|589005|589206|604906|605141|636120|483010-483013|428671-428673|486094-486096|968200-968220|588845-588851|489319-490980|468540-468543|422817-422819|409201|410685|410686', cardPrefexSequence='F '}
V/responce(29320): Tag Msg --CV Validation --0302000000000000
V/responce(29320): Tag Msg --CV Validation --PURCHASE
V/responce(29320): Tag Msg --tag --9F26084230411E1DD580B29F10120111A78003020000F74CB36EE489FC6E5ECF9F2701809F3704FFFFFFFF9F360200A2950500000080009A031911259C01009F02060000000001005F2A020682820238009F1A0206829F03060000000000009F3303E0F0C89F34034403029F3501229F1E033628158407A000000228101050046D6164614F07A00000022810109F120A6D6164612044656269749B02E8005A0A5888488642097531159F57135888488642097531159D201260001774860000
V/responce(29320): Tag Msg --tag55[0] --9F26
V/responce(29320): Tag Msg --tagValue[0] --4230411E1DD580B2
V/responce(29320): Tag Msg --tag55[1] --9F10
V/responce(29320): Tag Msg --tagValue[1] --0111A78003020000F74CB36EE489FC6E5ECF
V/responce(29320): Tag Msg --tag55[2] --9F27
V/responce(29320): Tag Msg --tagValue[2] --80
V/responce(29320): Tag Msg --tag55[3] --9F37
V/responce(29320): Tag Msg --tagValue[3] --FFFFFFFF
V/responce(29320): Tag Msg --tag55[4] --9F36
V/responce(29320): Tag Msg --tagValue[4] --00A2
V/responce(29320): Tag Msg --tag55[5] --95
V/responce(29320): Tag Msg --tagValue[5] --0000008000
V/responce(29320): Tag Msg --tag55[6] --9A
V/responce(29320): Tag Msg --tagValue[6] --191125
V/responce(29320): Tag Msg --tag55[7] --9C
V/responce(29320): Tag Msg --tagValue[7] --00
V/responce(29320): Tag Msg --tag55[8] --9F02
V/responce(29320): Tag Msg --tagValue[8] --000000000100
V/responce(29320): Tag Msg --tag55[9] --5F2A
V/responce(29320): Tag Msg --tagValue[9] --0682
V/responce(29320): Tag Msg --tag55[10] --82
V/responce(29320): Tag Msg --tagValue[10] --3800
V/responce(29320): Tag Msg --tag55[11] --9F1A
V/responce(29320): Tag Msg --tagValue[11] --0682
V/responce(29320): Tag Msg --tag55[12] --9F03
V/responce(29320): Tag Msg --tagValue[12] --000000000000
V/responce(29320): Tag Msg --tag55[13] --9F33
V/responce(29320): Tag Msg --tagValue[13] --E0F0C8
V/responce(29320): Tag Msg --tag55[14] --9F34
V/responce(29320): Tag Msg --tagValue[14] --440302
V/responce(29320): Tag Msg --tag55[15] --9F35
V/responce(29320): Tag Msg --tagValue[15] --22
V/responce(29320): Tag Msg --tag55[16] --9F1E
V/responce(29320): Tag Msg --tagValue[16] --362815
V/responce(29320): Tag Msg --tag55[17] --84
V/responce(29320): Tag Msg --tagValue[17] --A0000002281010
V/responce(29320): Tag Msg --tag55[18] --50
V/responce(29320): Tag Msg --tagValue[18] --6D616461
V/responce(29320): Tag Msg --tag55[19] --4F
V/responce(29320): Tag Msg --tagValue[19] --A0000002281010
V/responce(29320): Tag Msg --tag55[20] --9F12
V/responce(29320): Tag Msg --tagValue[20] --6D616461204465626974
V/responce(29320): Tag Msg --tag55[21] --9B
V/responce(29320): Tag Msg --tagValue[21] --E800
V/responce(29320): Tag Msg --tag55printer------FFFFFFFF
V/responce(29320): Tag Msg --primaryAccNo2 -5888488642097531159
I/System.out(29320): 5888 48** **** ***1 159
V/responce(29320): Tag Msg --primaryAccNo2 -588848*********1159
V/responce(29320): Tag Msg --amount --1-100
V/responce(29320): Tag Msg --amount --1-1.0
V/responce(29320): Tag Msg --Number in English : 1.00
V/responce(29320): Tag Msg --Number In Arabic : Ÿ°,Ÿ†Ÿ†
V/responce(29320): Tag Msg --amount --1-100
V/responce(29320): Tag Msg --amount --1-1.0
V/responce(29320): Tag Msg --lastTrans.getResponseCode39() --false
V/responce(29320): Tag Msg --lastTrans.getResponseCode39() --100
