E/BarController(  757): isTransientShowing
E/BarController(  757): isTransientShowRequested
E/BarController(  757): updateVisibilityLw
E/BarController(  757): isTransientShowing
E/BarController(  757): isTransientShowRequested
E/WindowManager(  757): finishPostLayoutPolicyLw
E/BarController(  757): isTransientShowing
E/BarController(  757): setBarShowingLw
E/BarController(  757): computeStateLw
E/BarController(  757): updateStateLw
E/BarController(  757): applyTranslucentFlagLw
E/BarController(  757): applyTranslucentFlagLw
E/WindowManager(  757): mTopFullscreenOpaqueWindowState != null
E/WindowManager(  757):  LayoutParams:1024
E/WindowManager(  757): transientStatusBarAllowed:true hideStatusBarWM:true hideStatusBarSysui:false immersiveSticky:false statusBarHasFocus:false
E/BarController(  757): isTransientShowRequested
E/BarController(  757): isTransientShowRequested
E/WindowManager(  757): transientStatusBarAllowed:true
E/BarController(  757): updateVisibilityLw
E/BarController(  757): isTransientShowing
E/BarController(  757): isTransientShowRequested
E/BarController(  757): updateVisibilityLw
E/BarController(  757): isTransientShowing
E/BarController(  757): isTransientShowRequested
D/wpa_supplicant( 3730): wlan0: Control interface command 'SIGNAL_POLL'
I/Finsky  ( 2707): [343] com.google.android.finsky.bo.ad.run(6): Stats for Executor: BlockingExecutor com.google.android.finsky.bo.ae@1749ea83[Running, pool size = 0, active threads = 0, queued tasks = 0, completed tasks = 6]
I/Finsky  ( 2707): [343] com.google.android.finsky.bo.ad.run(6): Stats for Executor: LightweightExecutor com.google.android.finsky.bo.ae@143ef400[Running, pool size = 3, active threads = 0, queued tasks = 0, completed tasks = 46]
I/Finsky  ( 2707): [343] com.google.android.finsky.bo.ad.run(6): Stats for Executor: bgExecutor com.google.android.finsky.bo.ae@5261439[Running, pool size = 4, active threads = 0, queued tasks = 0, completed tasks = 27]
E/WifiStateMachine(  757): WifiStateMachine CMD_START_SCAN source -2 txSuccessRate=2.63 rxSuccessRate=3.41 targetRoamBSSID=any RSSI=-68
E/WifiStateMachine(  757): WifiStateMachine starting scan for "NET"-WPA_PSK with 2417
D/wpa_supplicant( 3730): wlan0: Control interface command 'SCAN TYPE=ONLY freq=2417'
D/wpa_supplicant( 3730): wlan0: Setting scan request: 0.000000 sec
D/wpa_supplicant( 3730): wlan0: Starting AP scan for wildcard SSID
D/wpa_supplicant( 3730): wlan0: Limit manual scan to specified channels
D/wpa_supplicant( 3730): wlan0: Add radio work 'scan'@0xb88e32d0
D/wpa_supplicant( 3730): wlan0: First radio work item in the queue - schedule start immediately
D/wpa_supplicant( 3730): wlan0: Starting radio work 'scan'@0xb88e32d0 after 0.000061 second wait
D/wpa_supplicant( 3730): wlan0: nl80211: scan request
I/WifiHAL (  757): Poll result = 1
I/WifiHAL (  757): event received NL80211_CMD_TRIGGER_SCAN
D/wpa_supplicant( 3730): wlan0: nl80211: Scan trigger
I/WifiHAL (  757): event received NL80211_CMD_TRIGGER_SCAN, vendor_id = 0x0
I/WifiHAL (  757): event ignored!!
D/wpa_supplicant( 3730): wlan0: Event SCAN_STARTED (49) received
D/wpa_supplicant( 3730): wlan0: Own scan request started a scan in 0.000128 seconds
D/wpa_supplicant( 3730): CTRL_IFACE monitor sent successfully to /data/misc/wifi/sockets/wpa_ctrl_757-2\x00
I/WifiHAL (  757): Poll result = 1
I/WifiHAL (  757): event received NL80211_CMD_NEW_SCAN_RESULTS
I/WifiHAL (  757): event received NL80211_CMD_NEW_SCAN_RESULTS, vendor_id = 0x0
I/WifiHAL (  757): event ignored!!
D/wpa_supplicant( 3730): wlan0: nl80211: New scan results available
D/wpa_supplicant( 3730): wlan0: Event SCAN_RESULTS (3) received
D/wpa_supplicant( 3730): wlan0: Scan completed in 0.042212 seconds
D/wpa_supplicant( 3730): wlan0: BSS: Start scan result update 2302
D/wpa_supplicant( 3730): BSS: last_scan_res_used=21/64
D/wpa_supplicant( 3730): wlan0: Scan-only results received
D/wpa_supplicant( 3730): CTRL_IFACE monitor sent successfully to /data/misc/wifi/sockets/wpa_ctrl_757-2\x00
D/wpa_supplicant( 3730): wlan0: Radio work 'scan'@0xb88e32d0 done in 0.044755 seconds
D/wpa_supplicant( 3730): wlan0: Control interface command 'BSS RANGE=0- MASK=0x21987'
D/wpa_supplicant( 3730): wlan0: Control interface command 'STATUS-NO_EVENTS'
V/FA      (29320): Inactivity, disconnecting from the service
V/FA      (29320): onUnbind called for intent. action: com.google.android.gms.measurement.START
V/FA      (29320): Local AppMeasurementService is shutting down
D/wpa_supplicant( 3730): wlan0: Control interface command 'SIGNAL_POLL'
W/Searchables(  757): No global search activity found
D/RegisteredServicesCache( 3050): Intent action: android.intent.action.PACKAGE_CHANGED
D/MultiSeManager( 3050): getInstance
D/MultiSeManager( 3050): getInstance
D/MultiSeManager( 3050): getMultiSeServices()
I/InputReader(  757): Reconfiguring input devices.  changes=0x00000010
D/Documents( 6755): Update found 5 roots in 3ms
D/BackupManagerService(  757): Received broadcast Intent { act=android.intent.action.PACKAGE_CHANGED dat=package:com.tarang.payswiff flg=0x4000010 (has extras) }
D/GestureManagerService( 3076): echo 0 to /sys/class/gesture/gesture_ft5x06/enable
W/GestureManagerService( 3076): failed to set node: java.io.FileNotFoundException: /sys/class/gesture/gesture_ft5x06/enable: open failed: ENOENT (No such file or directory)
I/Finsky  ( 2707): [1] com.google.android.finsky.packagemanager.impl.PackageMonitorReceiverImpl.a(12): PackageMonitor received: android.intent.action.PACKAGE_CHANGED
I/Launcher( 3157): Deferring update until onResume
I/Finsky  ( 2707): [1] com.google.android.finsky.p2p.e.b(20): Frosting ID looked up on UI thread. Caller should move to a background thread.
I/Finsky  ( 2707): [1] com.google.android.finsky.cz.d.onTrimMemory(4): Memory trim requested to level 80
I/Finsky  ( 2707): [1] com.google.android.finsky.p2p.f.run(3): Wrote row to frosting DB: 517
I/ServiceManager(31583): Waiting for service AtCmdFwd...
I/ServiceManager(31583): Waiting for service AtCmdFwd...
D/wpa_supplicant( 3730): wlan0: Control interface command 'SIGNAL_POLL'
D/StatusBar.NetworkController( 2666): refreshViews: Data not connected!! Set no data type icon / Roaming
I/ServiceManager(31583): Waiting for service AtCmdFwd...
E/PhoneWindow(29320): dispatchTouchEvent--------------
E/PhoneWindow(29320): onInterceptTouchEvent action ::: 0
E/PhoneWindow(29320): dispatchTouchEvent--------------
E/PhoneWindow(29320): onInterceptTouchEvent action ::: 2
E/PhoneWindow(29320): dispatchTouchEvent--------------
E/PhoneWindow(29320): onInterceptTouchEvent action ::: 2
E/PhoneWindow(29320): dispatchTouchEvent--------------
E/PhoneWindow(29320): onInterceptTouchEvent action ::: 2
E/PhoneWindow(29320): dispatchTouchEvent--------------
E/PhoneWindow(29320): onInterceptTouchEvent action ::: 2
E/PhoneWindow(29320): dispatchTouchEvent--------------
E/PhoneWindow(29320): onInterceptTouchEvent action ::: 1
D/hardware_info(  265): hw_info_append_hw_type : device_name = speaker
W/audio_hw_utils(  265): audio_extn_utils_update_stream_app_type_cfg: App type could not be selected. Falling back to default
D/ACDB-LOADER(  265): ACDB -> send_audio_cal, acdb_id = 14, path =  0
D/ACDB-LOADER(  265): ACDB -> send_asm_topology
D/ACDB-LOADER(  265): ACDB -> ACDB_CMD_GET_AUDPROC_STREAM_TOPOLOGY_ID
D/ACDB-LOADER(  265): ACDB -> send_adm_topology
D/ACDB-LOADER(  265): ACDB -> ACDB_CMD_GET_AUDPROC_COMMON_TOPOLOGY_ID
D/ACDB-LOADER(  265): ACDB -> send_audtable
D/ACDB-LOADER(  265): ACDB -> ACDB_CMD_GET_AUDPROC_COMMON_TABLE
D/ACDB-LOADER(  265): ACDB -> AUDIO_SET_AUDPROC_CAL
D/ACDB-LOADER(  265): ACDB -> send_audvoltable
D/ACDB-LOADER(  265): ACDB -> ACDB_CMD_GET_AUDPROC_GAIN_DEP_STEP_TABLE
D/ACDB-LOADER(  265): ACDB -> AUDIO_SET_AUDPROC_VOL_CAL
D/ACDB-LOADER(  265): ACDB -> send_afe_cal
D/ACDB-LOADER(  265): ACDB -> ACDB_CMD_GET_AFE_COMMON_TABLE
D/ACDB-LOADER(  265): ACDB -> AUDIO_SET_AFE_CAL
D/ACDB-LOADER(  265): ACDB -> send_hw_delay : acdb_id = 14 path = 0
D/ACDB-LOADER(  265): ACDB -> ACDB_AVSYNC_INFO: ACDB_CMD_GET_DEVICE_PROPERTY
I/audio_hw_utils(  265): audio_extn_utils_send_app_type_cfg app_type 69936, acdb_dev_id 14, sample_rate 48000
E/BarController(  757): applyTranslucentFlagLw
E/BarController(  757): applyTranslucentFlagLw
E/WindowManager(  757): mTopFullscreenOpaqueWindowState != null
E/WindowManager(  757):  LayoutParams:1024
E/WindowManager(  757): transientStatusBarAllowed:true hideStatusBarWM:true hideStatusBarSysui:false immersiveSticky:false statusBarHasFocus:false
E/BarController(  757): isTransientShowRequested
E/BarController(  757): isTransientShowRequested
E/WindowManager(  757): transientStatusBarAllowed:true
E/BarController(  757): updateVisibilityLw
E/BarController(  757): isTransientShowing
E/BarController(  757): isTransientShowRequested
E/BarController(  757): updateVisibilityLw
E/BarController(  757): isTransientShowing
E/BarController(  757): isTransientShowRequested
E/BarController(  757): checkHiddenLw
E/WindowManager(  757): finishPostLayoutPolicyLw
E/BarController(  757): isTransientShowing
E/BarController(  757): setBarShowingLw
E/BarController(  757): computeStateLw
E/BarController(  757): updateStateLw
E/BarController(  757): applyTranslucentFlagLw
E/BarController(  757): applyTranslucentFlagLw
E/WindowManager(  757): mTopFullscreenOpaqueWindowState != null
E/WindowManager(  757):  LayoutParams:1024
E/WindowManager(  757): transientStatusBarAllowed:true hideStatusBarWM:true hideStatusBarSysui:false immersiveSticky:false statusBarHasFocus:false
E/BarController(  757): isTransientShowRequested
E/BarController(  757): isTransientShowRequested
E/WindowManager(  757): transientStatusBarAllowed:true
E/BarController(  757): updateVisibilityLw
E/BarController(  757): isTransientShowing
E/BarController(  757): isTransientShowRequested
E/BarController(  757): updateVisibilityLw
E/BarController(  757): isTransientShowing
E/BarController(  757): isTransientShowRequested
E/BarController(  757): adjustSystemUiVisibilityLwoldVis:34304vis:34304
E/BarController(  757): adjustSystemUiVisibilityLwoldVis:34304vis:34304
D/com.newland.mtypex.nseries3.b(29320): ---------wait-----------timeout:-1
D/com.newland.mtypex.c.b.c(29320): ------------ÁªÑË£ÖJINIÊñπÂºèÁöÑËØ∑Ê±ÇÂåÖ:E101
D/com.newland.mtypex.nseries3.b(29320): ---------(debug)execute command data:E101,deviceCmd:com.newland.c.a.f.d@2e4af831
D/IntelligentTerminalLib(29320): _jniMposLibCmd IN
D/IntelligentTerminalLib(29320): [V2.0.5][DEG][mpos_api_frame.c][mposLibCmd_new][ReceiveCmd][1359]
D/IntelligentTerminalLib(29320): e1 01
D/IntelligentTerminalLib(29320): >>>[V2.0.5]CmdAction[IN] Cmd[0xe101] CmdDesc[CMD_IC_ICCDETECT]
D/IntelligentTerminalLib(29320): locklisten
D/IntelligentTerminalLib(29320): locklisten1
D/NlServerThread(  757): Process29320 name= com.tarang.payswiff connecting
E/NdkpLib (29320): Data packed cmd=CMD_NDK_IccDetect:
E/NdkpLib (29320): 67 00 00 00 76
V/NdkpLib (  757): @func=NDK_SysAddEvent, magEventRegistered=0, iccEventRegistered=1, rfidEventRegistered=0 magPid=0, iccPid=29320, rfidPid=0
E/NdkpLib (  757): Data packed cmd=CMD_NDK_SysAddEvent:
E/NdkpLib (  757): 92 00 00 00 75 08 00 00 00 76
V/NdkpLib (  757): send_resp_a_cmd,line494: ret=12
E/NdkpLib (  757): CMD_NDK_SysAddEvent ret=0, executed from K21 in SUCCESS!
V/MPosCmdLib(  757): szCmdIn:(iLenin=28)
V/MPosCmdLib(  757): 02 00 23 1e 10 2f 67 00 00 07 d0 00 00 72 88 00 00 01 7c 00 05 67 00 00 00 76 03 22
V/MPosCmdLib(  757): 1299 mposLibCmd
V/MPosCmdLib(  757): 1304 mposLibCmd ret 0
V/NdkpLib (  757): @func=NDK_RpcTransRW pid=29320, permission=0x17c, cmdId=103
V/NdkpLib (  757): @func=posNDK_Access_Process,cmdId=103 magEventRegistered=0, iccEventRegistered=1, rfidEventRegistered=0 magPid=0, iccPid=29320, rfidPid=0
V/NdkpLib (  757): @func=NDK_RpcTransRW, line=1815 ret=0 
E/NdkpLib (  757): @FILE=E:/27_Œ Ã‚±Ì/Pad-v3.0/build/build_N900_4G/api//jni/platform.c,line=238, (index*2+1) <= len ret=0,but expect:1
V/NdkpLib (  757): @fun=NDK_RpcTransRW, line1867 the command(0x0067) not be found!
V/NdkpLib (  757): send_resp_a_cmd,line494: ret=16
E/NdkpLib (  757): CMD_NDK_IccDetect ret=0, executed from K21 in SUCCESS!
V/MPosCmdLib(  757): Out frame:
V/MPosCmdLib(  757): 02 00 24 1e 10 2f 68 30 30 00 16 67 00 00 00 00 00 00 00 04 00 00 00 01 00 00 00 03 1a
V/MPosCmdLib(  757): 
V/NdkpLib (29320): send_resp_a_cmd,line494: ret=16
D/IntelligentTerminalLib(29320): [V2.0.5][DEG][mpos_api_frame.c][Pack_a_frame_new][ResponseCmd][1096]
D/IntelligentTerminalLib(29320): 30 30 01 00 00 00 00 00 00 00
D/IntelligentTerminalLib(29320): UnRegisterCardEvent nReadCardMode=2
D/IntelligentTerminalLib(29320): NDK_SYS_UnRegisterEvent  over0
D/IntelligentTerminalLib(29320): unlockallcard7
D/IntelligentTerminalLib(29320): unlocklisten
D/IntelligentTerminalLib(29320): >>>[V2.0.5]CmdAction[OUT] Cmd[0xe101] CmdDesc[CMD_IC_ICCDETECT]
D/IntelligentTerminalLib(29320): _jniMposLibCmd OUT ret[0]
D/com.newland.mtypex.nseries3.b(29320): ------------SynInvokeRunnable---notify-------------------
D/com.newland.mtypex.nseries3.b(29320): -------------(debug)jniMposLibCmd_responeCode:0,deviceCmd:com.newland.c.a.f.d@2e4af831
D/com.newland.mtypex.nseries3.b(29320): -------------(debug)jniMposLibCmd_responseData:30300100000000000000,deviceCmd:com.newland.c.a.f.d@2e4af831
D/com.newland.mtypex.c.b.c(29320): -------ÂìçÂ∫îÁ†ÅÔºö3030
D/com.newland.mtypex.c.b.c(29320): receive resp nativeCode:0
D/com.newland.mtypex.c.b.c(29320): start unpack response,content[01 00 00 00 00 00 00 00]
E/NdkpLib (  757): Data packed cmd=CMD_NDK_SysDelEvent:
E/NdkpLib (  757): 93 00 00 00 75 08 00 00 00 76
D/com.newland.mtypex.e(29320): try to set [B into com.newland.c.a.f.d$a's responseArr!
V/responce(29320): Tag Msg --Key --SAM2Value --NO_CARD
V/responce(29320): Tag Msg --Key --IC3Value --NO_CARD
V/responce(29320): Tag Msg --Key --IC1Value --CARD_INSERTED
V/responce(29320): Tag Msg --Key --SAM1Value --NO_CARD
V/responce(29320): Tag Msg --Key --IC2Value --NO_CARD
V/responce(29320): Tag Msg --Key --SAM3Value --NO_CARD
V/responce(29320): Tag Msg --getConnectionStatus -12
V/NdkpLib (  757): send_resp_a_cmd,line494: ret=12
E/NdkpLib (  757): CMD_NDK_SysDelEvent ret=0, executed from K21 in SUCCESS!
W/Resources(29320): Converting to string: TypedValue{t=0x12/d=0x0 a=2 r=0x7f0800de}
W/Resources(29320): Converting to string: TypedValue{t=0x12/d=0x0 a=2 r=0x7f08017b}
W/Resources(29320): Converting to string: TypedValue{t=0x12/d=0x0 a=2 r=0x7f08005f}
W/Resources(29320): Converting to string: TypedValue{t=0x12/d=0x0 a=2 r=0x7f080062}
W/Resources(29320): Converting to string: TypedValue{t=0x12/d=0x0 a=2 r=0x7f0800fb}
I/ViewRootImpl(29320): CPU Rendering VSync enable = true
V/WindowManager(  757): not Base app: Adding window Window{3bada979 u0 com.tarang.payswiff/com.tarang.payswiff.view.activities.PrintActivity} at 5 of 10
E/BarController(  757): applyTranslucentFlagLw
E/BarController(  757): applyTranslucentFlagLw
E/WindowManager(  757): mTopFullscreenOpaqueWindowState != null
E/WindowManager(  757):  LayoutParams:1024
E/WindowManager(  757): transientStatusBarAllowed:true hideStatusBarWM:true hideStatusBarSysui:false immersiveSticky:false statusBarHasFocus:false
E/BarController(  757): isTransientShowRequested
E/BarController(  757): isTransientShowRequested
E/WindowManager(  757): transientStatusBarAllowed:true
E/BarController(  757): updateVisibilityLw
E/BarController(  757): isTransientShowing
E/BarController(  757): isTransientShowRequested
E/BarController(  757): updateVisibilityLw
E/BarController(  757): isTransientShowing
E/BarController(  757): isTransientShowRequested
E/BarController(  757): adjustSystemUiVisibilityLwoldVis:32768vis:32768
E/BarController(  757): adjustSystemUiVisibilityLwoldVis:32768vis:32768
V/responce(29320): Tag Msg --STATUS 12
E/BarController(  757): checkHiddenLw
E/WindowManager(  757): finishPostLayoutPolicyLw
E/BarController(  757): isTransientShowing
E/BarController(  757): setBarShowingLw
E/BarController(  757): computeStateLw
E/BarController(  757): updateStateLw
E/BarController(  757): applyTranslucentFlagLw
E/BarController(  757): applyTranslucentFlagLw
E/WindowManager(  757): mTopFullscreenOpaqueWindowState != null
E/WindowManager(  757):  LayoutParams:1024
E/WindowManager(  757): transientStatusBarAllowed:true hideStatusBarWM:true hideStatusBarSysui:false immersiveSticky:false statusBarHasFocus:false
E/BarController(  757): isTransientShowRequested
E/BarController(  757): isTransientShowRequested
E/WindowManager(  757): transientStatusBarAllowed:true
E/BarController(  757): updateVisibilityLw
E/BarController(  757): isTransientShowing
E/BarController(  757): isTransientShowRequested
E/BarController(  757): updateVisibilityLw
E/BarController(  757): isTransientShowing
E/BarController(  757): isTransientShowRequested
E/BarController(  757): checkHiddenLw
E/WindowManager(  757): finishPostLayoutPolicyLw
E/BarController(  757): isTransientShowing
E/BarController(  757): setBarShowingLw
E/BarController(  757): computeStateLw
E/BarController(  757): updateStateLw
E/BarController(  757): applyTranslucentFlagLw
E/BarController(  757): applyTranslucentFlagLw
E/WindowManager(  757): mTopFullscreenOpaqueWindowState != null
E/WindowManager(  757):  LayoutParams:1024
E/WindowManager(  757): transientStatusBarAllowed:true hideStatusBarWM:true hideStatusBarSysui:false immersiveSticky:false statusBarHasFocus:false
E/BarController(  757): isTransientShowRequested
E/BarController(  757): isTransientShowRequested
E/WindowManager(  757): transientStatusBarAllowed:true
E/BarController(  757): updateVisibilityLw
E/BarController(  757): isTransientShowing
E/BarController(  757): isTransientShowRequested
E/BarController(  757): updateVisibilityLw
E/BarController(  757): isTransientShowing
E/BarController(  757): isTransientShowRequested
E/BarController(  757): checkHiddenLw
E/WindowManager(  757): finishPostLayoutPolicyLw
E/BarController(  757): isTransientShowing
E/BarController(  757): setBarShowingLw
E/BarController(  757): computeStateLw
E/BarController(  757): updateStateLw
E/BarController(  757): applyTranslucentFlagLw
E/BarController(  757): applyTranslucentFlagLw
E/WindowManager(  757): mTopFullscreenOpaqueWindowState != null
E/WindowManager(  757):  LayoutParams:1024
E/WindowManager(  757): transientStatusBarAllowed:true hideStatusBarWM:true hideStatusBarSysui:false immersiveSticky:false statusBarHasFocus:false
E/BarController(  757): isTransientShowRequested
E/BarController(  757): isTransientShowRequested
E/WindowManager(  757): transientStatusBarAllowed:true
E/BarController(  757): updateVisibilityLw
E/BarController(  757): isTransientShowing
E/BarController(  757): isTransientShowRequested
E/BarController(  757): updateVisibilityLw
E/BarController(  757): isTransientShowing
E/BarController(  757): isTransientShowRequested
E/BarController(  757): checkHiddenLw
E/WindowManager(  757): finishPostLayoutPolicyLw
E/BarController(  757): isTransientShowing
E/BarController(  757): setBarShowingLw
E/BarController(  757): computeStateLw
E/BarController(  757): updateStateLw
E/BarController(  757): applyTranslucentFlagLw
E/BarController(  757): applyTranslucentFlagLw
E/WindowManager(  757): mTopFullscreenOpaqueWindowState != null
E/WindowManager(  757):  LayoutParams:1024
E/WindowManager(  757): transientStatusBarAllowed:true hideStatusBarWM:true hideStatusBarSysui:false immersiveSticky:false statusBarHasFocus:false
E/BarController(  757): isTransientShowRequested
E/BarController(  757): isTransientShowRequested
E/WindowManager(  757): transientStatusBarAllowed:true
E/BarController(  757): updateVisibilityLw
E/BarController(  757): isTransientShowing
E/BarController(  757): isTransientShowRequested
E/BarController(  757): updateVisibilityLw
E/BarController(  757): isTransientShowing
E/BarController(  757): isTransientShowRequested
E/WindowManager(  757): finishPostLayoutPolicyLw
E/BarController(  757): isTransientShowing
E/BarController(  757): setBarShowingLw
E/BarController(  757): computeStateLw
E/BarController(  757): updateStateLw
E/BarController(  757): applyTranslucentFlagLw
E/BarController(  757): applyTranslucentFlagLw
E/WindowManager(  757): mTopFullscreenOpaqueWindowState != null
E/WindowManager(  757):  LayoutParams:1024
E/WindowManager(  757): transientStatusBarAllowed:true hideStatusBarWM:true hideStatusBarSysui:false immersiveSticky:false statusBarHasFocus:false
E/BarController(  757): isTransientShowRequested
E/BarController(  757): isTransientShowRequested
E/WindowManager(  757): transientStatusBarAllowed:true
E/BarController(  757): updateVisibilityLw
E/BarController(  757): isTransientShowing
E/BarController(  757): isTransientShowRequested
E/BarController(  757): updateVisibilityLw
E/BarController(  757): isTransientShowing
E/BarController(  757): isTransientShowRequested
E/WindowManager(  757): finishPostLayoutPolicyLw
E/BarController(  757): isTransientShowing
E/BarController(  757): setBarShowingLw
E/BarController(  757): computeStateLw
E/BarController(  757): updateStateLw
E/BarController(  757): applyTranslucentFlagLw
E/BarController(  757): applyTranslucentFlagLw
E/WindowManager(  757): mTopFullscreenOpaqueWindowState != null
E/WindowManager(  757):  LayoutParams:1024
E/WindowManager(  757): transientStatusBarAllowed:true hideStatusBarWM:true hideStatusBarSysui:false immersiveSticky:false statusBarHasFocus:false
E/BarController(  757): isTransientShowRequested
E/BarController(  757): isTransientShowRequested
E/WindowManager(  757): transientStatusBarAllowed:true
E/BarController(  757): updateVisibilityLw
E/BarController(  757): isTransientShowing
E/BarController(  757): isTransientShowRequested
E/BarController(  757): updateVisibilityLw
E/BarController(  757): isTransientShowing
E/BarController(  757): isTransientShowRequested
E/BarController(  757): checkHiddenLw
E/WindowManager(  757): finishPostLayoutPolicyLw
E/BarController(  757): isTransientShowing
E/BarController(  757): setBarShowingLw
E/BarController(  757): computeStateLw
E/BarController(  757): updateStateLw
E/BarController(  757): applyTranslucentFlagLw
E/BarController(  757): applyTranslucentFlagLw
E/WindowManager(  757): mTopFullscreenOpaqueWindowState != null
E/WindowManager(  757):  LayoutParams:1024
E/WindowManager(  757): transientStatusBarAllowed:true hideStatusBarWM:true hideStatusBarSysui:false immersiveSticky:false statusBarHasFocus:false
E/BarController(  757): isTransientShowRequested
E/BarController(  757): isTransientShowRequested
E/WindowManager(  757): transientStatusBarAllowed:true
E/BarController(  757): updateVisibilityLw
E/BarController(  757): isTransientShowing
E/BarController(  757): isTransientShowRequested
E/BarController(  757): updateVisibilityLw
E/BarController(  757): isTransientShowing
E/BarController(  757): isTransientShowRequested
E/WindowManager(  757): finishPostLayoutPolicyLw
E/BarController(  757): isTransientShowing
E/BarController(  757): setBarShowingLw
E/BarController(  757): computeStateLw
E/BarController(  757): updateStateLw
E/BarController(  757): applyTranslucentFlagLw
E/BarController(  757): applyTranslucentFlagLw
E/WindowManager(  757): mTopFullscreenOpaqueWindowState != null
E/WindowManager(  757):  LayoutParams:1024
E/WindowManager(  757): transientStatusBarAllowed:true hideStatusBarWM:true hideStatusBarSysui:false immersiveSticky:false statusBarHasFocus:false
E/BarController(  757): isTransientShowRequested
E/BarController(  757): isTransientShowRequested
E/WindowManager(  757): transientStatusBarAllowed:true
E/BarController(  757): updateVisibilityLw
E/BarController(  757): isTransientShowing
E/BarController(  757): isTransientShowRequested
E/BarController(  757): updateVisibilityLw
E/BarController(  757): isTransientShowing
E/BarController(  757): isTransientShowRequested
I/ServiceManager(31583): Waiting for service AtCmdFwd...
D/StatusBar.NetworkController( 2666): refreshViews: Data not connected!! Set no data type icon / Roaming
I/ServiceManager(31583): Waiting for service AtCmdFwd...
D/wpa_supplicant( 3730): wlan0: Control interface command 'SIGNAL_POLL'
D/StatusBar.NetworkController( 2666): refreshViews: Data not connected!! Set no data type icon / Roaming
W/Atfwd_Sendcmd(31583): AtCmdFwd service not published, waiting... retryCnt : 2
D/hardware_info(  265): hw_info_append_hw_type : device_name = speaker
D/StatusBar.NetworkController( 2666): refreshViews: Data not connected!! Set no data type icon / Roaming
D/wpa_supplicant( 3730): wlan0: Control interface command 'SIGNAL_POLL'
D/wpa_supplicant( 3730): wlan0: Control interface command 'SIGNAL_POLL'
D/wpa_supplicant( 3730): wlan0: Control interface command 'SIGNAL_POLL'
I/ServiceManager(31583): Waiting for service AtCmdFwd...
I/ServiceManager(31583): Waiting for service AtCmdFwd...
D/wpa_supplicant( 3730): wlan0: Control interface command 'SIGNAL_POLL'
I/ServiceManager(31583): Waiting for service AtCmdFwd...
I/ServiceManager(31583): Waiting for service AtCmdFwd...
E/WifiStateMachine(  757): WifiStateMachine CMD_START_SCAN source -2 txSuccessRate=0.01 rxSuccessRate=0.32 targetRoamBSSID=any RSSI=-69
E/WifiStateMachine(  757): WifiStateMachine starting scan for "NET"-WPA_PSK with 2417
D/wpa_supplicant( 3730): wlan0: Control interface command 'SCAN TYPE=ONLY freq=2417'
D/wpa_supplicant( 3730): wlan0: Setting scan request: 0.000000 sec
D/wpa_supplicant( 3730): wlan0: Starting AP scan for wildcard SSID
D/wpa_supplicant( 3730): wlan0: Limit manual scan to specified channels
D/wpa_supplicant( 3730): wlan0: Add radio work 'scan'@0xb88e32d0
D/wpa_supplicant( 3730): wlan0: First radio work item in the queue - schedule start immediately
D/wpa_supplicant( 3730): wlan0: Starting radio work 'scan'@0xb88e32d0 after 0.000063 second wait
D/wpa_supplicant( 3730): wlan0: nl80211: scan request
D/wpa_supplicant( 3730): wlan0: nl80211: Scan trigger
D/wpa_supplicant( 3730): wlan0: Event SCAN_STARTED (49) received
D/wpa_supplicant( 3730): wlan0: Own scan request started a scan in 0.000144 seconds
I/WifiHAL (  757): Poll result = 1
I/WifiHAL (  757): event received NL80211_CMD_TRIGGER_SCAN
I/WifiHAL (  757): event received NL80211_CMD_TRIGGER_SCAN, vendor_id = 0x0
D/wpa_supplicant( 3730): CTRL_IFACE monitor sent successfully to /data/misc/wifi/sockets/wpa_ctrl_757-2\x00
I/WifiHAL (  757): event ignored!!
I/WifiHAL (  757): Poll result = 1
I/WifiHAL (  757): event received NL80211_CMD_NEW_SCAN_RESULTS
I/WifiHAL (  757): event received NL80211_CMD_NEW_SCAN_RESULTS, vendor_id = 0x0
I/WifiHAL (  757): event ignored!!
D/wpa_supplicant( 3730): wlan0: nl80211: New scan results available
D/wpa_supplicant( 3730): wlan0: Event SCAN_RESULTS (3) received
D/wpa_supplicant( 3730): wlan0: Scan completed in 0.069686 seconds
D/wpa_supplicant( 3730): wlan0: BSS: Start scan result update 2303
D/wpa_supplicant( 3730): BSS: last_scan_res_used=3/64
D/wpa_supplicant( 3730): wlan0: Scan-only results received
D/wpa_supplicant( 3730): CTRL_IFACE monitor sent successfully to /data/misc/wifi/sockets/wpa_ctrl_757-2\x00
D/wpa_supplicant( 3730): wlan0: Radio work 'scan'@0xb88e32d0 done in 0.071459 seconds
D/wpa_supplicant( 3730): wlan0: Control interface command 'BSS RANGE=0- MASK=0x21987'
D/wpa_supplicant( 3730): wlan0: Control interface command 'STATUS-NO_EVENTS'
I/ServiceManager(31583): Waiting for service AtCmdFwd...
D/wpa_supplicant( 3730): wlan0: Control interface command 'SIGNAL_POLL'
W/Atfwd_Sendcmd(31583): AtCmdFwd service not published, waiting... retryCnt : 3
D/wpa_supplicant( 3730): wlan0: Control interface command 'SIGNAL_POLL'
D/wpa_supplicant( 3730): wlan0: Control interface command 'SIGNAL_POLL'
D/StatusBar.NetworkController( 2666): refreshViews: Data not connected!! Set no data type icon / Roaming
V/NdkpLib (  757): >>>>>NDK_SysGoSuspend_Extern<<<<<
E/NdkpLib (  757): Data packed cmd=CMD_NDK_SysGoSuspend_Extern:
E/NdkpLib (  757): 90 00 00 00 76
V/NdkpLib (  757): send_resp_a_cmd,line494: ret=12
E/NdkpLib (  757): CMD_NDK_SysGoSuspend_Extern ret=0, executed from K21 in SUCCESS!
V/ipcLib  (  757): intoSysGoSuspend_Extern! 0 
D/wpa_supplicant( 3730): wlan0: Control interface command 'SIGNAL_POLL'
D/StatusBar.NetworkController( 2666): refreshViews: Data not connected!! Set no data type icon / Roaming
D/StatusBar.NetworkController( 2666): refreshViews: Data not connected!! Set no data type icon / Roaming
D/wpa_supplicant( 3730): wlan0: Control interface command 'SIGNAL_POLL'
D/StatusBar.NetworkController( 2666): refreshViews: Data not connected!! Set no data type icon / Roaming
D/StatusBar.NetworkController( 2666): refreshViews: Data not connected!! Set no data type icon / Roaming
D/StatusBar.NetworkController( 2666): refreshViews: Data not connected!! Set no data type icon / Roaming
D/wpa_supplicant( 3730): wlan0: Control interface command 'SIGNAL_POLL'
D/ConnectivityManager.CallbackHandler( 2666): CM callback handler got msg 524290
D/ConnectivityManager.CallbackHandler( 2707): CM callback handler got msg 524290
I/ServiceManager(31583): Waiting for service AtCmdFwd...
I/ServiceManager(31583): Waiting for service AtCmdFwd...
I/ServiceManager(31583): Waiting for service AtCmdFwd...
D/wpa_supplicant( 3730): wlan0: Control interface command 'SIGNAL_POLL'
I/ServiceManager(31583): Waiting for service AtCmdFwd...
E/WifiStateMachine(  757): WifiStateMachine CMD_START_SCAN source -2 txSuccessRate=0.00 rxSuccessRate=1.81 targetRoamBSSID=any RSSI=-71
E/WifiStateMachine(  757): WifiStateMachine starting scan for "NET"-WPA_PSK with 2417
D/wpa_supplicant( 3730): wlan0: Control interface command 'SCAN TYPE=ONLY freq=2417'
D/wpa_supplicant( 3730): wlan0: Setting scan request: 0.000000 sec
D/wpa_supplicant( 3730): wlan0: Starting AP scan for wildcard SSID
D/wpa_supplicant( 3730): wlan0: Limit manual scan to specified channels
D/wpa_supplicant( 3730): wlan0: Add radio work 'scan'@0xb88e32d0
D/wpa_supplicant( 3730): wlan0: First radio work item in the queue - schedule start immediately
D/wpa_supplicant( 3730): wlan0: Starting radio work 'scan'@0xb88e32d0 after 0.000062 second wait
D/wpa_supplicant( 3730): wlan0: nl80211: scan request
D/wpa_supplicant( 3730): wlan0: nl80211: Scan trigger
D/wpa_supplicant( 3730): wlan0: Event SCAN_STARTED (49) received
D/wpa_supplicant( 3730): wlan0: Own scan request started a scan in 0.000143 seconds
I/WifiHAL (  757): Poll result = 1
D/wpa_supplicant( 3730): CTRL_IFACE monitor sent successfully to /data/misc/wifi/sockets/wpa_ctrl_757-2\x00
I/WifiHAL (  757): event received NL80211_CMD_TRIGGER_SCAN
I/WifiHAL (  757): event received NL80211_CMD_TRIGGER_SCAN, vendor_id = 0x0
I/WifiHAL (  757): event ignored!!
I/WifiHAL (  757): Poll result = 1
I/WifiHAL (  757): event received NL80211_CMD_NEW_SCAN_RESULTS
I/WifiHAL (  757): event received NL80211_CMD_NEW_SCAN_RESULTS, vendor_id = 0x0
I/WifiHAL (  757): event ignored!!
D/wpa_supplicant( 3730): wlan0: nl80211: New scan results available
D/wpa_supplicant( 3730): wlan0: Event SCAN_RESULTS (3) received
D/wpa_supplicant( 3730): wlan0: Scan completed in 0.066761 seconds
D/wpa_supplicant( 3730): wlan0: BSS: Start scan result update 2304
D/wpa_supplicant( 3730): BSS: last_scan_res_used=2/64
D/wpa_supplicant( 3730): wlan0: Scan-only results received
D/wpa_supplicant( 3730): CTRL_IFACE monitor sent successfully to /data/misc/wifi/sockets/wpa_ctrl_757-2\x00
D/wpa_supplicant( 3730): wlan0: Radio work 'scan'@0xb88e32d0 done in 0.069099 seconds
D/wpa_supplicant( 3730): wlan0: Control interface command 'BSS RANGE=0- MASK=0x21987'
D/wpa_supplicant( 3730): wlan0: Control interface command 'STATUS-NO_EVENTS'
I/ServiceManager(31583): Waiting for service AtCmdFwd...
W/Atfwd_Sendcmd(31583): AtCmdFwd service not published, waiting... retryCnt : 4
D/wpa_supplicant( 3730): wlan0: Control interface command 'SIGNAL_POLL'
D/ConnectivityManager.CallbackHandler( 2666): CM callback handler got msg 524290
D/ConnectivityManager.CallbackHandler( 2707): CM callback handler got msg 524290
D/wpa_supplicant( 3730): wlan0: Control interface command 'SIGNAL_POLL'
D/wpa_supplicant( 3730): wlan0: Control interface command 'SIGNAL_POLL'
D/ConnectivityManager.CallbackHandler( 2666): CM callback handler got msg 524290
D/ConnectivityManager.CallbackHandler( 2707): CM callback handler got msg 524290
D/wpa_supplicant( 3730): wlan0: Control interface command 'SIGNAL_POLL'
D/wpa_supplicant( 3730): wlan0: Control interface command 'SIGNAL_POLL'
D/StatusBar.NetworkController( 2666): refreshViews: Data not connected!! Set no data type icon / Roaming
D/wpa_supplicant( 3730): wlan0: Control interface command 'SIGNAL_POLL'
I/Finsky  ( 2707): [343] com.google.android.finsky.bo.ad.run(6): Stats for Executor: BlockingExecutor com.google.android.finsky.bo.ae@1749ea83[Running, pool size = 0, active threads = 0, queued tasks = 0, completed tasks = 6]
I/Finsky  ( 2707): [343] com.google.android.finsky.bo.ad.run(6): Stats for Executor: LightweightExecutor com.google.android.finsky.bo.ae@143ef400[Running, pool size = 3, active threads = 0, queued tasks = 0, completed tasks = 46]
I/Finsky  ( 2707): [343] com.google.android.finsky.bo.ad.run(6): Stats for Executor: bgExecutor com.google.android.finsky.bo.ae@5261439[Running, pool size = 4, active threads = 0, queued tasks = 0, completed tasks = 27]
