D/IntelligentTerminalLib(29320): >>>[V2.0.5]CmdAction[OUT] Cmd[0x1a27] CmdDesc[CMD_PINPAD_INCREASEKSN]
D/IntelligentTerminalLib(29320): _jniMposLibCmd OUT ret[0]
D/com.newland.mtypex.nseries3.b(29320): ------------SynInvokeRunnable---notify-------------------
D/com.newland.mtypex.nseries3.b(29320): -------------(debug)jniMposLibCmd_responeCode:0,deviceCmd:com.newland.c.a.k.d@ec39c28
D/com.newland.mtypex.nseries3.b(29320): -------------(debug)jniMposLibCmd_responseData:3030,deviceCmd:com.newland.c.a.k.d@ec39c28
D/com.newland.mtypex.c.b.c(29320): -------ÂìçÂ∫îÁ†ÅÔºö3030
D/com.newland.mtypex.c.b.c(29320): receive resp nativeCode:0
D/com.newland.mtypex.c.b.c(29320): start unpack response,content[empty]
V/responce(29320): Tag Msg --increment:true
I/art     (29320): Explicit concurrent mark sweep GC freed 40314(1937KB) AllocSpace objects, 15(3MB) LOS objects, 39% free, 15MB/25MB, paused 1.547ms total 105.515ms
I/art     (29320): Explicit concurrent mark sweep GC freed 5214(304KB) AllocSpace objects, 9(2MB) LOS objects, 40% free, 12MB/20MB, paused 1.561ms total 78.470ms
I/art     (29320): Explicit concurrent mark sweep GC freed 3(96B) AllocSpace objects, 0(0B) LOS objects, 40% free, 12MB/20MB, paused 1.398ms total 70.729ms
E/BarController(  757): checkHiddenLw
E/WindowManager(  757): finishPostLayoutPolicyLw
E/BarController(  757): isTransientShowing
E/BarController(  757): setBarShowingLw
E/BarController(  757): computeStateLw
E/BarController(  757): updateStateLw
E/BarController(  757): applyTranslucentFlagLw
E/BarController(  757): applyTranslucentFlagLw
E/WindowManager(  757): mTopFullscreenOpaqueWindowState != null
E/WindowManager(  757):  LayoutParams:1024
E/WindowManager(  757): transientStatusBarAllowed:true hideStatusBarWM:true hideStatusBarSysui:false immersiveSticky:false statusBarHasFocus:false
E/BarController(  757): isTransientShowRequested
E/BarController(  757): isTransientShowRequested
E/WindowManager(  757): transientStatusBarAllowed:true
E/BarController(  757): updateVisibilityLw
E/BarController(  757): isTransientShowing
E/BarController(  757): isTransientShowRequested
E/BarController(  757): updateVisibilityLw
E/BarController(  757): isTransientShowing
E/BarController(  757): isTransientShowRequested
V/responce(29320): Tag Msg --Reversal -saf-true
D/StatusBar.NetworkController( 2666): refreshViews: Data not connected!! Set no data type icon / Roaming
V/responce(29320): Tag Msg --Reversal -saf-true
E/WifiStateMachine(  757): WifiStateMachine CMD_START_SCAN source -2 txSuccessRate=0.00 rxSuccessRate=2.66 targetRoamBSSID=any RSSI=-70
E/WifiStateMachine(  757): WifiStateMachine starting scan for "NET"-WPA_PSK with 2417
D/wpa_supplicant( 3730): wlan0: Control interface command 'SCAN TYPE=ONLY freq=2417'
D/wpa_supplicant( 3730): wlan0: Setting scan request: 0.000000 sec
D/wpa_supplicant( 3730): wlan0: Starting AP scan for wildcard SSID
D/wpa_supplicant( 3730): wlan0: Limit manual scan to specified channels
D/wpa_supplicant( 3730): wlan0: Add radio work 'scan'@0xb88e32d0
D/wpa_supplicant( 3730): wlan0: First radio work item in the queue - schedule start immediately
D/wpa_supplicant( 3730): wlan0: Starting radio work 'scan'@0xb88e32d0 after 0.000063 second wait
D/wpa_supplicant( 3730): wlan0: nl80211: scan request
I/WifiHAL (  757): Poll result = 1
D/wpa_supplicant( 3730): wlan0: nl80211: Scan trigger
I/WifiHAL (  757): event received NL80211_CMD_TRIGGER_SCAN
I/WifiHAL (  757): event received NL80211_CMD_TRIGGER_SCAN, vendor_id = 0x0
D/wpa_supplicant( 3730): wlan0: Event SCAN_STARTED (49) received
I/WifiHAL (  757): event ignored!!
D/wpa_supplicant( 3730): wlan0: Own scan request started a scan in 0.000134 seconds
D/wpa_supplicant( 3730): CTRL_IFACE monitor sent successfully to /data/misc/wifi/sockets/wpa_ctrl_757-2\x00
I/WifiHAL (  757): Poll result = 1
I/WifiHAL (  757): event received NL80211_CMD_NEW_SCAN_RESULTS
I/WifiHAL (  757): event received NL80211_CMD_NEW_SCAN_RESULTS, vendor_id = 0x0
I/WifiHAL (  757): event ignored!!
D/wpa_supplicant( 3730): wlan0: nl80211: New scan results available
D/wpa_supplicant( 3730): wlan0: Event SCAN_RESULTS (3) received
D/wpa_supplicant( 3730): wlan0: Scan completed in 0.092322 seconds
D/wpa_supplicant( 3730): wlan0: BSS: Start scan result update 2289
D/wpa_supplicant( 3730): BSS: last_scan_res_used=20/64
D/wpa_supplicant( 3730): wlan0: Scan-only results received
D/wpa_supplicant( 3730): CTRL_IFACE monitor sent successfully to /data/misc/wifi/sockets/wpa_ctrl_757-2\x00
D/wpa_supplicant( 3730): wlan0: Radio work 'scan'@0xb88e32d0 done in 0.094526 seconds
D/wpa_supplicant( 3730): wlan0: Control interface command 'BSS RANGE=0- MASK=0x21987'
D/wpa_supplicant( 3730): wlan0: Control interface command 'STATUS-NO_EVENTS'
D/StatusBar.NetworkController( 2666): refreshViews: Data not connected!! Set no data type icon / Roaming
V/responce(29320): Tag Msg --Reversal -saf-true
D/hardware_info(  265): hw_info_append_hw_type : device_name = speaker
D/wpa_supplicant( 3730): wlan0: Control interface command 'SIGNAL_POLL'
V/responce(29320): Tag Msg --Reversal -saf-true
V/responce(29320): Tag Msg --Reversal -saf-true
V/FA      (29320): Inactivity, disconnecting from the service
V/FA      (29320): onUnbind called for intent. action: com.google.android.gms.measurement.START
V/FA      (29320): Local AppMeasurementService is shutting down
D/StatusBar.NetworkController( 2666): refreshViews: Data not connected!! Set no data type icon / Roaming
V/responce(29320): Tag Msg --Reversal -saf-true
D/wpa_supplicant( 3730): wlan0: Control interface command 'SIGNAL_POLL'
D/StatusBar.NetworkController( 2666): refreshViews: Data not connected!! Set no data type icon / Roaming
V/responce(29320): Tag Msg --Reversal -saf-true
D/StatusBar.NetworkController( 2666): refreshViews: Data not connected!! Set no data type icon / Roaming
V/responce(29320): Tag Msg --Reversal -saf-true
D/wpa_supplicant( 3730): wlan0: Control interface command 'SIGNAL_POLL'
V/responce(29320): Tag Msg --onFinish -saf-
V/responce(29320): Tag Msg --Timer -2
V/responce(29320): Tag Msg --getConnectionStatus -true
V/responce(29320): Tag Msg --TYPE_WIFI
D/StatusBar.NetworkController( 2666): refreshViews: Data not connected!! Set no data type icon / Roaming
V/responce(29320): Tag Msg --checkSAF --ENQUEUED
V/responce(29320): Tag Msg --safModelEntitieslength-----0
V/responce(29320): Tag Msg --retailerDataModel-----RetailerDataModel{nextLoad='', reconcillationTime='', retailerNameInArabic='√•√ô√ë√ñ √ì√§√™√•√á√¶ √á√§√ì√™√° √§√§√á√®√á√¶√™ √á√§√•√¶√í√§', retailerNumberEnglish='800150400566', retailerNameEnglish='Digital Pay', retailerLanguageIndicator='1', terminalCurrencyCode='682', terminalCountryCode='682', transactionCurrencyExponent='02', currencySymbolArabic='', currencySymbolEnglish='SAR', arabicReceipt1='', arabicReceipt2='', englishReceipt1='', englishReceipt2='', retailerAddress1Arabic='√ó√ë√™√¢ √á√§√•√§√£ √é√á√§√è', retailerAddress1English='KING KHALIED ROAD', retailerAddress2Arabic='√à√ë√™√è√â', retailerAddress2English='', terminalCapability='E0F0C8', additionalTerminalCapabilities='D000F0A000', downloadPhoneNumber='', eMVTerminalType='22', automaticLoad='0', sAFRetryLimit='03', sAFDefaultMessageTransmissionNumber='02'}
I/WM-WorkerWrapper(29320): Worker result FAILURE for Work [ id=f33a8f42-b78b-492b-92d5-e39d0221c53c, tags={ com.tarang.payswiff.worker.SAFWorker } ]
V/responce(29320): Tag Msg --checkSAF --RUNNING
V/responce(29320): Tag Msg --checkSAF --FAILED
D/StatusBar.NetworkController( 2666): refreshViews: Data not connected!! Set no data type icon / Roaming
D/wpa_supplicant( 3730): wlan0: Control interface command 'SIGNAL_POLL'
D/StatusBar.NetworkController( 2666): refreshViews: Data not connected!! Set no data type icon / Roaming
D/wpa_supplicant( 3730): wlan0: Control interface command 'SIGNAL_POLL'
D/ConnectivityManager.CallbackHandler( 2666): CM callback handler got msg 524290
D/ConnectivityManager.CallbackHandler( 2707): CM callback handler got msg 524290
D/StatusBar.NetworkController( 2666): refreshViews: Data not connected!! Set no data type icon / Roaming
D/StatusBar.NetworkController( 2666): refreshViews: Data not connected!! Set no data type icon / Roaming
D/StatusBar.NetworkController( 2666): refreshViews: Data not connected!! Set no data type icon / Roaming
D/wpa_supplicant( 3730): wlan0: Control interface command 'SIGNAL_POLL'
W/Searchables(  757): No global search activity found
I/InputReader(  757): Reconfiguring input devices.  changes=0x00000010
D/BackupManagerService(  757): Received broadcast Intent { act=android.intent.action.PACKAGE_CHANGED dat=package:com.tarang.payswiff flg=0x4000010 (has extras) }
D/RegisteredServicesCache( 3050): Intent action: android.intent.action.PACKAGE_CHANGED
D/Documents( 6755): Update found 5 roots in 10ms
D/MultiSeManager( 3050): getInstance
D/MultiSeManager( 3050): getInstance
D/MultiSeManager( 3050): getMultiSeServices()
D/GestureManagerService( 3076): echo 0 to /sys/class/gesture/gesture_ft5x06/enable
W/GestureManagerService( 3076): failed to set node: java.io.FileNotFoundException: /sys/class/gesture/gesture_ft5x06/enable: open failed: ENOENT (No such file or directory)
I/Finsky  ( 2707): [1] com.google.android.finsky.packagemanager.impl.PackageMonitorReceiverImpl.a(12): PackageMonitor received: android.intent.action.PACKAGE_CHANGED
I/Launcher( 3157): Deferring update until onResume
I/Finsky  ( 2707): [1] com.google.android.finsky.p2p.e.b(20): Frosting ID looked up on UI thread. Caller should move to a background thread.
I/Finsky  ( 2707): [1] com.google.android.finsky.cz.d.onTrimMemory(4): Memory trim requested to level 80
I/Finsky  ( 2707): [1] com.google.android.finsky.p2p.f.run(3): Wrote row to frosting DB: 509
D/StatusBar.NetworkController( 2666): refreshViews: Data not connected!! Set no data type icon / Roaming
D/wpa_supplicant( 3730): wlan0: Control interface command 'SIGNAL_POLL'
I/Finsky  ( 2707): [343] com.google.android.finsky.bo.ad.run(6): Stats for Executor: BlockingExecutor com.google.android.finsky.bo.ae@1749ea83[Running, pool size = 0, active threads = 0, queued tasks = 0, completed tasks = 6]
I/Finsky  ( 2707): [343] com.google.android.finsky.bo.ad.run(6): Stats for Executor: LightweightExecutor com.google.android.finsky.bo.ae@143ef400[Running, pool size = 3, active threads = 0, queued tasks = 0, completed tasks = 46]
I/Finsky  ( 2707): [343] com.google.android.finsky.bo.ad.run(6): Stats for Executor: bgExecutor com.google.android.finsky.bo.ae@5261439[Running, pool size = 4, active threads = 0, queued tasks = 0, completed tasks = 27]
D/StatusBar.NetworkController( 2666): refreshViews: Data not connected!! Set no data type icon / Roaming
E/WifiStateMachine(  757): WifiStateMachine CMD_START_SCAN source -2 txSuccessRate=0.00 rxSuccessRate=1.03 targetRoamBSSID=any RSSI=-71
E/WifiStateMachine(  757): WifiStateMachine starting scan for "NET"-WPA_PSK with 2417
D/wpa_supplicant( 3730): wlan0: Control interface command 'SCAN TYPE=ONLY freq=2417'
D/wpa_supplicant( 3730): wlan0: Setting scan request: 0.000000 sec
D/wpa_supplicant( 3730): wlan0: Starting AP scan for wildcard SSID
D/wpa_supplicant( 3730): wlan0: Limit manual scan to specified channels
D/wpa_supplicant( 3730): wlan0: Add radio work 'scan'@0xb88e32d0
D/wpa_supplicant( 3730): wlan0: First radio work item in the queue - schedule start immediately
D/wpa_supplicant( 3730): wlan0: Starting radio work 'scan'@0xb88e32d0 after 0.000062 second wait
D/wpa_supplicant( 3730): wlan0: nl80211: scan request
D/wpa_supplicant( 3730): wlan0: nl80211: Scan trigger
D/wpa_supplicant( 3730): wlan0: Event SCAN_STARTED (49) received
I/WifiHAL (  757): Poll result = 1
D/wpa_supplicant( 3730): wlan0: Own scan request started a scan in 0.000144 seconds
I/WifiHAL (  757): event received NL80211_CMD_TRIGGER_SCAN
I/WifiHAL (  757): event received NL80211_CMD_TRIGGER_SCAN, vendor_id = 0x0
I/WifiHAL (  757): event ignored!!
D/wpa_supplicant( 3730): CTRL_IFACE monitor sent successfully to /data/misc/wifi/sockets/wpa_ctrl_757-2\x00
I/WifiHAL (  757): Poll result = 1
I/WifiHAL (  757): event received NL80211_CMD_NEW_SCAN_RESULTS
I/WifiHAL (  757): event received NL80211_CMD_NEW_SCAN_RESULTS, vendor_id = 0x0
I/WifiHAL (  757): event ignored!!
D/wpa_supplicant( 3730): wlan0: nl80211: New scan results available
D/wpa_supplicant( 3730): wlan0: Event SCAN_RESULTS (3) received
D/wpa_supplicant( 3730): wlan0: Scan completed in 0.068739 seconds
D/wpa_supplicant( 3730): wlan0: BSS: Start scan result update 2290
D/wpa_supplicant( 3730): wlan0: BSS: Add new id 2665 BSSID 32:07:4d:8a:55:f4 SSID 'AndroidAP55f4'
D/wpa_supplicant( 3730): CTRL_IFACE monitor sent successfully to /data/misc/wifi/sockets/wpa_ctrl_757-2\x00
D/wpa_supplicant( 3730): BSS: last_scan_res_used=21/64
D/wpa_supplicant( 3730): wlan0: Scan-only results received
D/wpa_supplicant( 3730): CTRL_IFACE monitor sent successfully to /data/misc/wifi/sockets/wpa_ctrl_757-2\x00
D/wpa_supplicant( 3730): wlan0: Radio work 'scan'@0xb88e32d0 done in 0.071123 seconds
D/wpa_supplicant( 3730): wlan0: Control interface command 'BSS RANGE=0- MASK=0x21987'
D/wpa_supplicant( 3730): wlan0: Control interface command 'STATUS-NO_EVENTS'
I/Atfwd_Sendcmd(31583): AtCmdFwd service not ready - Exhausted retry attempts - :6
I/Atfwd_Daemon(31583): result : -1 	 ,Init step :2 	 ,qmiErrorCode: 0
D/wpa_supplicant( 3730): wlan0: Control interface command 'SIGNAL_POLL'
D/ConnectivityManager.CallbackHandler( 2666): CM callback handler got msg 524290
D/ConnectivityManager.CallbackHandler( 2707): CM callback handler got msg 524290
V/NdkpLib (  757): >>>>>NDK_SysGoSuspend_Extern<<<<<
E/NdkpLib (  757): Data packed cmd=CMD_NDK_SysGoSuspend_Extern:
E/NdkpLib (  757): 90 00 00 00 76
V/NdkpLib (  757): send_resp_a_cmd,line494: ret=12
E/NdkpLib (  757): CMD_NDK_SysGoSuspend_Extern ret=0, executed from K21 in SUCCESS!
V/ipcLib  (  757): intoSysGoSuspend_Extern! 0 
D/wpa_supplicant( 3730): wlan0: Control interface command 'SIGNAL_POLL'
I/ServiceManager(31583): Waiting for service AtCmdFwd...
I/ServiceManager(31583): Waiting for service AtCmdFwd...
D/wpa_supplicant( 3730): wlan0: Control interface command 'SIGNAL_POLL'
I/ServiceManager(31583): Waiting for service AtCmdFwd...
I/ServiceManager(31583): Waiting for service AtCmdFwd...
I/ServiceManager(31583): Waiting for service AtCmdFwd...
D/wpa_supplicant( 3730): wlan0: Control interface command 'SIGNAL_POLL'
D/ConnectivityManager.CallbackHandler( 2666): CM callback handler got msg 524290
D/ConnectivityManager.CallbackHandler( 2707): CM callback handler got msg 524290
D/StatusBar.NetworkController( 2666): refreshViews: Data not connected!! Set no data type icon / Roaming
W/Atfwd_Sendcmd(31583): AtCmdFwd service not published, waiting... retryCnt : 1
D/StatusBar.NetworkController( 2666): refreshViews: Data not connected!! Set no data type icon / Roaming
D/wpa_supplicant( 3730): wlan0: Control interface command 'SIGNAL_POLL'
D/ConnectivityManager.CallbackHandler( 2666): CM callback handler got msg 524290
D/ConnectivityManager.CallbackHandler( 2707): CM callback handler got msg 524290
I/ServiceManager(31583): Waiting for service AtCmdFwd...
D/wpa_supplicant( 3730): wlan0: Control interface command 'SIGNAL_POLL'
D/ConnectivityManager.CallbackHandler( 2666): CM callback handler got msg 524290
D/ConnectivityManager.CallbackHandler( 2707): CM callback handler got msg 524290
