V/NdkpLib (  757): @func=NDK_RpcTransRW pid=29320, permission=0x17c, cmdId=23
V/NdkpLib (  757): @func=posNDK_Access_Process,cmdId=23 magEventRegistered=0, iccEventRegistered=0, rfidEventRegistered=0 magPid=0, iccPid=0, rfidPid=0
V/NdkpLib (  757): @func=NDK_RpcTransRW, line=1815 ret=0 
E/NdkpLib (  757): @FILE=E:/27_Œ Ã‚±Ì/Pad-v3.0/build/build_N900_4G/api//jni/platform.c,line=238, (index*2+1) <= len ret=0,but expect:1
V/NdkpLib (  757): @fun=NDK_RpcTransRW, line1867 the command(0x0017) not be found!
V/NdkpLib (  757): send_resp_a_cmd,line494: ret=12
E/NdkpLib (  757): CMD_NDK_PrnImage ret=0, executed from K21 in SUCCESS!
V/MPosCmdLib(  757): Out frame:
V/MPosCmdLib(  757): 02 00 20 1e 10 2f 5a 30 30 00 12 17 00 00 00 00 00 00 00 00 00 00 00 03 5d
V/MPosCmdLib(  757): 
V/NdkpLib (29320): send_resp_a_cmd,line494: ret=12
E/NdkpLib (29320): call StatisticsRPC_recordingPrinting, but not found!
V/NdkpLib (29320): file=E:/27_
V/NdkpLib (29320): unXsize=384, unYsize=23, unXpos=0
V/NdkpLib (29320): totalLen=1104
V/NdkpLib (29320): unXsize=384, ySize=23, unXpos=0
E/NdkpLib (29320): Data packed cmd=CMD_NDK_PrnImage:
E/NdkpLib (29320): 17 00 00 00 75 80 01 00 00 75 17 00 00 00 75 00 00 00 00 73 50 04 00 00 00 00 00 00 00 00 00 00 00 00 00 00 00 00 00 00 00 00 00 00 00 00 00 00 00 00 00 00 00 00 00 00 00 00 00 00 00 00 00 00 00 00 00 00 00 00 00 00 00 00 00 00 00 00 00 00 00 00 00 00 00 00 00 00 00 00 00 00 00 00 00 00 00 00 00 00 00 00 00 00 00 00 00 00 00 00 00 00 00 00 00 00 00 00 00 00 00 00 00 00 00 00 00 00 00 00 00 00 00 00 00 00 00 00 00 00 00 00 00 00 00 00 00 00 00 00 00 00 00 00 00 00 00 00 00 00 00 00 00 00 00 00 00 00 00 00 00 00 00 00 00 00 00 00 00 00 00 00 00 00 00 00 00 00 00 00 00 00 00 00 00 00 00 00 00 00 00 00 00 00 00 00 00 00 00 00 00 00 00 00 00 00 00 00 00 00 00 00 00 00 00 00 00 00 00 00 00 00 00 00 00 00 00 00 00 00 00 00 00 00 00 00 00 00 00 00 00 00 00 00 00 00
E/NdkpLib (29320): 00 00 00 00 00 00 00 00 00 00 00 00 00 00 00 00 00 00 00 00 00 00 00 00 00 00 00 00 00 00 00 00 00 00 00 00 00 00 00 00 00 00 00 00 00 00 00 00 00 00 00 00 00 00 00 00 00 00 00 00 00 00 00 00 00 00 00 00 00 00 00 00 00 00 00 00 00 00 00 00 00 00 00 00 00 00 00 00 00 00 00 00 00 00 00 00 00 00 00 00 00 00 00 00 00 00 00 00 00 00 00 00 00 00 00 00 00 00 00 00 00 00 00 00 00 00 00 00 00 00 00 00 00 00 00 00 00 00 00 00 00 00 00 00 00 00 00 00 00 00 00 00 3f c0 1c 00 61 fe 00 01 f0 3e 07 c0 30 3f 83 e0 04 0f 81 f0 7f 03 c0 78 00 00 06 03 e0 78 00 83 f8 1e 1f f0 f8 06 03 e0 18 0f 80 60 3e 07 80 08 30 60 36 00 61 87 00 03 18 63 0c 60 70 30 06 30 0c 18 c3 18 60 0c 61 8c 00 00 0e 06 30 cc 01 83 00 63 00 21 8c 0e 06 30 38 18 c0 e0 63 0c c0 18 30 30 36 00 61 83 00 06
E/NdkpLib (29320): 0c c1 18 20 b0 30 0c 10 1c 30 46 08 60 0c 31 86 00 00 16 0c 19 86 03 83 00 61 80 63 06 16 0c 18 58 30 61 60 c1 98 60 38 30 30 63 00 61 83 00 06 0c c1 98 31 30 60 0c 18 3c 30 66 0c c0 18 03 00 00 00 26 00 18 06 07 86 00 c0 00 c3 06 26 00 18 98 00 62 60 01 80 60 78 30 30 63 00 61 86 00 03 18 c1 98 30 30 7f 0c 18 6c 30 66 0c fe 1b c3 78 00 00 06 00 18 0c 0d 87 f0 de 01 81 8c 06 00 18 18 00 60 60 01 80 c0 d8 30 60 63 00 61 fc 00 01 f0 c1 98 30 30 61 8c 18 cc 30 66 0c c3 1c 63 8c 00 00 06 00 30 1c 19 86 18 e3 01 80 f8 06 00 30 18 00 c0 60 03 01 c1 98 3f c0 c1 80 61 83 00 03 18 c1 98 30 30 00 cc 19 8c 30 66 0c 01 98 33 06 00 00 06 00 60 06 31 80 0c c1 83 01 8c 06 00 60 18 01 80 60 06 00 63 18 31 c0 ff 80 61 81 80 06 0c c1 98 30 30 00 cc 1b 0c 30 66 0c 01 98 33 06
E/NdkpLib (29320): 00 00 06 00 c0 03 61 80 0c c1 83 03 06 06 00 c0 18 03 00 60 0c 00 36 18 30 e1 80 cc 61 81 80 06 0c c1 98 30 30 00 cc 1b ff 30 66 0c 01 98 33 06 00 00 06 01 80 03 7f e0 0c c1 83 03 06 06 01 80 18 06 00 60 18 00 37 fe 30 61 80 cc 61 81 80 06 0c c1 98 30 30 60 cc 18 0c 30 66 0c c1 88 31 06 00 00 06 03 01 83 01 86 0c 41 86 03 06 06 03 00 18 0c 00 60 30 18 30 18 30 33 00 6c 61 83 00 03 18 63 0c 60 30 31 86 30 0c 18 c3 18 63 0c 61 8c 00 00 06 06 00 c6 01 83 18 63 06 01 8c 06 06 00 18 18 00 60 60 0c 60 18 30 3b 00 67 c1 fe 00 01 f0 3e 07 c0 30 1f 03 e0 0c 0f 81 f0 3e 07 c0 f8 00 00 06 0f f8 7c 01 81 f0 3e 06 00 f8 06 0f f8 18 3f e0 60 ff 87 c0 18 00 00 00 00 00 00 00 00 00 00 00 00 00 00 00 00 00 00 00 00 00 00 00 00 00 00 00 00 00 00 00 00 00 00 00 00 00 00 00 00
E/NdkpLib (29320): 00 00 00 00 00 00 00 00 00 00 00 00 00 00 00 00 00 00 00 00 00 00 00 00 00 00 00 00 00 00 00 00 00 00 00 00 00 00 00 00 00 00 00 00 00 00 00 00 00 00 00 00 00 00 00 00 00 00 00 00 00 00 00 00 00 00 00 00 00 00 00 00 00 00 00 00 00 00 00 00 00 00 00 00 00 00 00 00 00 00 00 00 00 00 00 00 00 00 00 00 00 00 00 00 76
V/MPosCmdLib(  757): szCmdIn:(iLenin=1152)
V/MPosCmdLib(  757): 02 11 47 1e 10 2f 5b 00 00 4e 20 00 00 72 88 00 00 01 7c 11 29 17 00 00 00 75 80 01 00 00 75 17 00 00 00 75 00 00 00 00 73 50 04 00 00 00 00 00 00 00 00 00 00 00 00 00 00 00 00 00 00 00 00 00 00 00 00 00 00 00 00 00 00 00 00 00 00 00 00 00 00 00 00 00 00 00 00 00 00 00 00 00 00 00 00 00 00 00 00 00 00 00 00 00 00 00 00 00 00 00 00 00 00 00 00 00 00 00 00 00 00 00 00 00 00 00 00 00 00 00 00 00 00 00 00 00 00 00 00 00 00 00 00 00 00 00 00 00 00 00 00 00 00 00 00 00 00 00 00 00 00 00 00 00 00 00 00 00 00 00 00 00 00 00 00 00 00 00 00 00 00 00 00 00 00 00 00 00 00 00 00 00 00 00 00 00 00 00 00 00 00 00 00 00 00 00 00 00 00 00 00 00 00 00 00 00 00 00 00 00 00 00 00 00 00 00 00 00 00 00 00 00 00 00 00 00 00 00 00 00 00 00 00 00 00 00 00 00 00 00 00 00 00 00 00 00
V/MPosCmdLib(  757): 00 00 00 00 00 00 00 00 00 00 00 00 00 00 00 00 00 00 00 00 00 00 00 00 00 00 00 00 00 00 00 00 00 00 00 00 00 00 00 00 00 00 00 00 00 00 00 00 00 00 00 00 00 00 00 00 00 00 00 00 00 00 00 00 00 00 00 00 00 00 00 00 00 00 00 00 00 00 00 00 00 00 00 00 00 00 00 00 00 00 00 00 00 00 00 00 00 00 00 00 00 00 00 00 00 00 00 00 00 00 00 00 00 00 00 00 00 00 00 00 00 00 00 00 00 00 00 00 00 00 00 00 00 00 00 00 00 00 00 00 00 00 00 00 00 00 00 00 00 00 00 00 00 00 00 00 00 00 00 00 00 00 00 00 00 00 00 00 00 00 00 00 00 3f c0 1c 00 61 fe 00 01 f0 3e 07 c0 30 3f 83 e0 04 0f 81 f0 7f 03 c0 78 00 00 06 03 e0 78 00 83 f8 1e 1f f0 f8 06 03 e0 18 0f 80 60 3e 07 80 08 30 60 36 00 61 87 00 03 18 63 0c 60 70 30 06 30 0c 18 c3 18 60 0c 61 8c 00 00 0e 06 30 cc 01 83 00 63 00
V/MPosCmdLib(  757): 21 8c 0e 06 30 38 18 c0 e0 63 0c c0 18 30 30 36 00 61 83 00 06 0c c1 18 20 b0 30 0c 10 1c 30 46 08 60 0c 31 86 00 00 16 0c 19 86 03 83 00 61 80 63 06 16 0c 18 58 30 61 60 c1 98 60 38 30 30 63 00 61 83 00 06 0c c1 98 31 30 60 0c 18 3c 30 66 0c c0 18 03 00 00 00 26 00 18 06 07 86 00 c0 00 c3 06 26 00 18 98 00 62 60 01 80 60 78 30 30 63 00 61 86 00 03 18 c1 98 30 30 7f 0c 18 6c 30 66 0c fe 1b c3 78 00 00 06 00 18 0c 0d 87 f0 de 01 81 8c 06 00 18 18 00 60 60 01 80 c0 d8 30 60 63 00 61 fc 00 01 f0 c1 98 30 30 61 8c 18 cc 30 66 0c c3 1c 63 8c 00 00 06 00 30 1c 19 86 18 e3 01 80 f8 06 00 30 18 00 c0 60 03 01 c1 98 3f c0 c1 80 61 83 00 03 18 c1 98 30 30 00 cc 19 8c 30 66 0c 01 98 33 06 00 00 06 00 60 06 31 80 0c c1 83 01 8c 06 00 60 18 01 80 60 06 00 63 18 31 c0 ff
V/MPosCmdLib(  757): 80 61 81 80 06 0c c1 98 30 30 00 cc 1b 0c 30 66 0c 01 98 33 06 00 00 06 00 c0 03 61 80 0c c1 83 03 06 06 00 c0 18 03 00 60 0c 00 36 18 30 e1 80 cc 61 81 80 06 0c c1 98 30 30 00 cc 1b ff 30 66 0c 01 98 33 06 00 00 06 01 80 03 7f e0 0c c1 83 03 06 06 01 80 18 06 00 60 18 00 37 fe 30 61 80 cc 61 81 80 06 0c c1 98 30 30 60 cc 18 0c 30 66 0c c1 88 31 06 00 00 06 03 01 83 01 86 0c 41 86 03 06 06 03 00 18 0c 00 60 30 18 30 18 30 33 00 6c 61 83 00 03 18 63 0c 60 30 31 86 30 0c 18 c3 18 63 0c 61 8c 00 00 06 06 00 c6 01 83 18 63 06 01 8c 06 06 00 18 18 00 60 60 0c 60 18 30 3b 00 67 c1 fe 00 01 f0 3e 07 c0 30 1f 03 e0 0c 0f 81 f0 3e 07 c0 f8 00 00 06 0f f8 7c 01 81 f0 3e 06 00 f8 06 0f f8 18 3f e0 60 ff 87 c0 18 00 00 00 00 00 00 00 00 00 00 00 00 00 00 00 00 00 00 00
V/MPosCmdLib(  757): 00 00 00 00 00 00 00 00 00 00 00 00 00 00 00 00 00 00 00 00 00 00 00 00 00 00 00 00 00 00 00 00 00 00 00 00 00 00 00 00 00 00 00 00 00 00 00 00 00 00 00 00 00 00 00 00 00 00 00 00 00 00 00 00 00 00 00 00 00 00 00 00 00 00 00 00 00 00 00 00 00 00 00 00 00 00 00 00 00 00 00 00 00 00 00 00 00 00 00 00 00 00 00 00 00 00 00 00 00 00 00 00 00 00 00 00 00 00 00 00 00 00 00 00 00 76 03 a7
V/MPosCmdLib(  757): 1299 mposLibCmd
V/MPosCmdLib(  757): 1304 mposLibCmd ret 0
V/NdkpLib (  757): @func=NDK_RpcTransRW pid=29320, permission=0x17c, cmdId=23
V/NdkpLib (  757): @func=posNDK_Access_Process,cmdId=23 magEventRegistered=0, iccEventRegistered=0, rfidEventRegistered=0 magPid=0, iccPid=0, rfidPid=0
V/NdkpLib (  757): @func=NDK_RpcTransRW, line=1815 ret=0 
E/NdkpLib (  757): @FILE=E:/27_Œ Ã‚±Ì/Pad-v3.0/build/build_N900_4G/api//jni/platform.c,line=238, (index*2+1) <= len ret=0,but expect:1
V/NdkpLib (  757): @fun=NDK_RpcTransRW, line1867 the command(0x0017) not be found!
V/NdkpLib (  757): send_resp_a_cmd,line494: ret=12
E/NdkpLib (  757): CMD_NDK_PrnImage ret=0, executed from K21 in SUCCESS!
V/MPosCmdLib(  757): Out frame:
V/MPosCmdLib(  757): 02 00 20 1e 10 2f 5c 30 30 00 12 17 00 00 00 00 00 00 00 00 00 00 00 03 5b
V/MPosCmdLib(  757): 
V/NdkpLib (29320): send_resp_a_cmd,line494: ret=12
E/NdkpLib (29320): call StatisticsRPC_recordingPrinting, but not found!
V/NdkpLib (29320): file=E:/27_
V/NdkpLib (29320): unXsize=384, unYsize=23, unXpos=0
V/NdkpLib (29320): totalLen=1104
V/NdkpLib (29320): unXsize=384, ySize=23, unXpos=0
E/NdkpLib (29320): Data packed cmd=CMD_NDK_PrnImage:
E/NdkpLib (29320): 17 00 00 00 75 80 01 00 00 75 17 00 00 00 75 00 00 00 00 73 50 04 00 00 00 00 00 00 00 00 00 00 00 00 00 00 00 00 00 00 00 00 00 00 00 00 00 00 00 00 00 00 00 00 00 00 00 00 00 00 00 00 00 00 00 00 00 00 00 00 00 00 00 00 00 00 00 00 00 00 00 00 00 00 00 00 00 00 00 00 00 00 00 00 00 00 00 00 00 00 00 00 00 00 00 00 00 00 00 00 00 00 00 00 00 00 00 00 00 00 00 00 00 00 00 00 00 00 00 00 00 00 00 00 00 00 00 00 00 00 00 00 00 00 00 00 00 00 00 00 00 00 00 00 00 00 00 00 00 00 00 00 00 00 00 00 00 00 00 00 00 00 00 00 00 00 00 00 00 00 00 00 00 00 00 00 00 00 00 00 00 00 00 00 00 00 00 00 00 00 00 00 00 00 00 00 00 00 00 00 00 00 00 00 00 00 00 00 00 00 00 00 00 00 00 00 00 00 00 00 00 00 00 00 00 00 00 00 00 00 00 00 00 00 00 00 00 00 00 00 00 00 00 00 00 00
E/NdkpLib (29320): 00 00 00 00 00 00 00 00 00 00 00 00 00 00 00 00 00 00 00 00 00 00 00 00 00 00 00 00 00 00 00 00 00 00 00 00 00 00 00 00 00 00 00 00 00 00 00 00 00 00 00 00 00 00 00 00 00 00 00 00 00 00 00 00 00 00 00 00 00 00 00 00 00 00 00 00 00 00 00 00 00 00 00 00 00 00 00 00 00 00 00 00 00 00 00 00 00 00 00 00 00 00 00 00 00 00 00 00 00 00 00 00 00 00 00 00 00 00 00 00 00 00 00 00 00 00 00 00 00 00 00 00 00 00 00 00 00 00 00 00 00 00 00 00 00 00 00 00 00 00 00 00 7f f0 7c 03 e0 1f 00 00 1f 80 fc 07 e0 3f 81 fe 3f f8 00 07 f8 00 06 00 00 60 00 00 00 18 0f e0 3e 03 f0 0f 80 fc 07 f8 1f 00 18 00 c0 3e 00 30 00 61 86 0c 18 60 c0 00 30 61 83 0c 18 60 c3 00 00 30 00 0c 00 00 0e 00 00 e0 00 00 00 38 18 30 63 06 0c 30 c1 83 0c 00 31 80 38 01 c0 63 00 70 00 c3 03 18 08 c0 40 00
E/NdkpLib (29320): 30 61 83 0c 18 c0 63 00 00 60 00 0c 00 00 36 00 03 60 00 00 00 d8 30 18 c1 86 0c 60 61 83 0c 00 60 c0 d8 06 c0 c1 81 b0 00 80 03 18 0c c0 60 00 60 33 01 98 0c 00 63 00 00 40 00 0c 00 00 66 00 06 60 00 00 01 98 00 18 c1 8c 06 00 63 01 8c 00 60 c1 98 0c c0 c1 83 30 01 80 06 18 0c c0 60 00 60 33 01 98 0c 00 67 f8 00 c0 00 1f e0 00 06 00 00 60 00 00 00 18 00 18 63 0c 06 00 c3 01 9f e0 31 80 18 00 c0 63 00 30 03 00 3c 18 0c c0 60 00 60 33 01 98 0c 00 c7 06 01 80 00 1c 18 00 06 00 00 60 00 00 00 18 00 30 3e 0c 06 07 83 01 9c 18 1f 00 18 00 c0 3e 00 30 03 00 03 0c 1c 60 e0 00 60 33 01 98 0c 03 00 03 01 80 00 00 0c 00 06 00 00 60 00 00 00 18 00 c0 c1 8c 06 00 63 01 80 0c 60 c0 18 00 c0 c1 80 30 06 00 01 87 ec 3f 60 00 60 33 01 98 0c 06 00 03 03 00 00 00 0c 00 06 00
E/NdkpLib (29320): 00 60 00 00 00 18 01 81 80 cc 06 00 33 01 80 0c c0 60 18 00 c1 80 c0 30 06 00 01 80 0c 00 60 00 60 33 01 98 0c 0c 00 03 03 00 00 00 0c 00 06 00 00 60 00 00 00 18 03 01 80 cc 06 00 33 01 80 0c c0 60 18 00 c1 80 c0 30 0c 03 01 98 18 c0 c0 00 20 21 01 08 08 38 06 03 06 00 00 18 0c 00 06 00 00 60 00 00 00 18 0e 01 80 c4 04 60 31 01 18 0c c0 60 18 00 c1 80 c0 30 0c 01 83 0c 30 61 80 00 30 61 83 0c 18 60 03 06 06 00 00 0c 18 00 06 00 00 60 00 00 00 18 18 00 c1 86 0c 30 61 83 0c 18 60 c0 18 00 c0 c1 80 30 0c 00 fc 07 e0 3f 00 00 1f c0 fe 07 f0 ff e1 f8 06 00 00 07 e0 60 06 06 00 60 00 00 00 18 3f f8 3e 03 f8 1f 80 fe 07 e0 1f 00 18 00 c0 3e 00 30 00 00 00 00 00 00 00 00 00 00 00 00 00 00 00 00 00 00 00 00 00 00 00 00 00 00 00 00 00 00 00 00 00 00 00 00 00 00 00 00
E/NdkpLib (29320): 00 00 00 00 00 00 00 00 00 00 00 00 00 00 00 00 00 00 00 00 00 00 00 00 00 00 00 00 00 00 00 00 00 00 00 00 00 00 00 00 00 00 00 00 00 00 00 00 00 00 00 00 00 00 00 00 00 00 00 00 00 00 00 00 00 00 00 00 00 00 00 00 00 00 00 00 00 00 00 00 00 00 00 00 00 00 00 00 00 00 00 00 00 00 00 00 00 00 00 00 00 00 00 00 76
V/MPosCmdLib(  757): szCmdIn:(iLenin=1152)
V/MPosCmdLib(  757): 02 11 47 1e 10 2f 5d 00 00 4e 20 00 00 72 88 00 00 01 7c 11 29 17 00 00 00 75 80 01 00 00 75 17 00 00 00 75 00 00 00 00 73 50 04 00 00 00 00 00 00 00 00 00 00 00 00 00 00 00 00 00 00 00 00 00 00 00 00 00 00 00 00 00 00 00 00 00 00 00 00 00 00 00 00 00 00 00 00 00 00 00 00 00 00 00 00 00 00 00 00 00 00 00 00 00 00 00 00 00 00 00 00 00 00 00 00 00 00 00 00 00 00 00 00 00 00 00 00 00 00 00 00 00 00 00 00 00 00 00 00 00 00 00 00 00 00 00 00 00 00 00 00 00 00 00 00 00 00 00 00 00 00 00 00 00 00 00 00 00 00 00 00 00 00 00 00 00 00 00 00 00 00 00 00 00 00 00 00 00 00 00 00 00 00 00 00 00 00 00 00 00 00 00 00 00 00 00 00 00 00 00 00 00 00 00 00 00 00 00 00 00 00 00 00 00 00 00 00 00 00 00 00 00 00 00 00 00 00 00 00 00 00 00 00 00 00 00 00 00 00 00 00 00 00 00 00 00
V/MPosCmdLib(  757): 00 00 00 00 00 00 00 00 00 00 00 00 00 00 00 00 00 00 00 00 00 00 00 00 00 00 00 00 00 00 00 00 00 00 00 00 00 00 00 00 00 00 00 00 00 00 00 00 00 00 00 00 00 00 00 00 00 00 00 00 00 00 00 00 00 00 00 00 00 00 00 00 00 00 00 00 00 00 00 00 00 00 00 00 00 00 00 00 00 00 00 00 00 00 00 00 00 00 00 00 00 00 00 00 00 00 00 00 00 00 00 00 00 00 00 00 00 00 00 00 00 00 00 00 00 00 00 00 00 00 00 00 00 00 00 00 00 00 00 00 00 00 00 00 00 00 00 00 00 00 00 00 00 00 00 00 00 00 00 00 00 00 00 00 00 00 00 00 00 00 00 00 00 7f f0 7c 03 e0 1f 00 00 1f 80 fc 07 e0 3f 81 fe 3f f8 00 07 f8 00 06 00 00 60 00 00 00 18 0f e0 3e 03 f0 0f 80 fc 07 f8 1f 00 18 00 c0 3e 00 30 00 61 86 0c 18 60 c0 00 30 61 83 0c 18 60 c3 00 00 30 00 0c 00 00 0e 00 00 e0 00 00 00 38 18 30 63 06 0c
V/MPosCmdLib(  757): 30 c1 83 0c 00 31 80 38 01 c0 63 00 70 00 c3 03 18 08 c0 40 00 30 61 83 0c 18 c0 63 00 00 60 00 0c 00 00 36 00 03 60 00 00 00 d8 30 18 c1 86 0c 60 61 83 0c 00 60 c0 d8 06 c0 c1 81 b0 00 80 03 18 0c c0 60 00 60 33 01 98 0c 00 63 00 00 40 00 0c 00 00 66 00 06 60 00 00 01 98 00 18 c1 8c 06 00 63 01 8c 00 60 c1 98 0c c0 c1 83 30 01 80 06 18 0c c0 60 00 60 33 01 98 0c 00 67 f8 00 c0 00 1f e0 00 06 00 00 60 00 00 00 18 00 18 63 0c 06 00 c3 01 9f e0 31 80 18 00 c0 63 00 30 03 00 3c 18 0c c0 60 00 60 33 01 98 0c 00 c7 06 01 80 00 1c 18 00 06 00 00 60 00 00 00 18 00 30 3e 0c 06 07 83 01 9c 18 1f 00 18 00 c0 3e 00 30 03 00 03 0c 1c 60 e0 00 60 33 01 98 0c 03 00 03 01 80 00 00 0c 00 06 00 00 60 00 00 00 18 00 c0 c1 8c 06 00 63 01 80 0c 60 c0 18 00 c0 c1 80 30 06 00 01
V/MPosCmdLib(  757): 87 ec 3f 60 00 60 33 01 98 0c 06 00 03 03 00 00 00 0c 00 06 00 00 60 00 00 00 18 01 81 80 cc 06 00 33 01 80 0c c0 60 18 00 c1 80 c0 30 06 00 01 80 0c 00 60 00 60 33 01 98 0c 0c 00 03 03 00 00 00 0c 00 06 00 00 60 00 00 00 18 03 01 80 cc 06 00 33 01 80 0c c0 60 18 00 c1 80 c0 30 0c 03 01 98 18 c0 c0 00 20 21 01 08 08 38 06 03 06 00 00 18 0c 00 06 00 00 60 00 00 00 18 0e 01 80 c4 04 60 31 01 18 0c c0 60 18 00 c1 80 c0 30 0c 01 83 0c 30 61 80 00 30 61 83 0c 18 60 03 06 06 00 00 0c 18 00 06 00 00 60 00 00 00 18 18 00 c1 86 0c 30 61 83 0c 18 60 c0 18 00 c0 c1 80 30 0c 00 fc 07 e0 3f 00 00 1f c0 fe 07 f0 ff e1 f8 06 00 00 07 e0 60 06 06 00 60 00 00 00 18 3f f8 3e 03 f8 1f 80 fe 07 e0 1f 00 18 00 c0 3e 00 30 00 00 00 00 00 00 00 00 00 00 00 00 00 00 00 00 00 00 00
V/MPosCmdLib(  757): 00 00 00 00 00 00 00 00 00 00 00 00 00 00 00 00 00 00 00 00 00 00 00 00 00 00 00 00 00 00 00 00 00 00 00 00 00 00 00 00 00 00 00 00 00 00 00 00 00 00 00 00 00 00 00 00 00 00 00 00 00 00 00 00 00 00 00 00 00 00 00 00 00 00 00 00 00 00 00 00 00 00 00 00 00 00 00 00 00 00 00 00 00 00 00 00 00 00 00 00 00 00 00 00 00 00 00 00 00 00 00 00 00 00 00 00 00 00 00 00 00 00 00 00 00 76 03 8b
V/MPosCmdLib(  757): 1299 mposLibCmd
V/MPosCmdLib(  757): 1304 mposLibCmd ret 0
V/NdkpLib (  757): @func=NDK_RpcTransRW pid=29320, permission=0x17c, cmdId=23
V/NdkpLib (  757): @func=posNDK_Access_Process,cmdId=23 magEventRegistered=0, iccEventRegistered=0, rfidEventRegistered=0 magPid=0, iccPid=0, rfidPid=0
V/NdkpLib (  757): @func=NDK_RpcTransRW, line=1815 ret=0 
E/NdkpLib (  757): @FILE=E:/27_Œ Ã‚±Ì/Pad-v3.0/build/build_N900_4G/api//jni/platform.c,line=238, (index*2+1) <= len ret=0,but expect:1
V/NdkpLib (  757): @fun=NDK_RpcTransRW, line1867 the command(0x0017) not be found!
V/NdkpLib (  757): send_resp_a_cmd,line494: ret=12
E/NdkpLib (  757): CMD_NDK_PrnImage ret=0, executed from K21 in SUCCESS!
V/MPosCmdLib(  757): Out frame:
V/MPosCmdLib(  757): 02 00 20 1e 10 2f 5e 30 30 00 12 17 00 00 00 00 00 00 00 00 00 00 00 03 59
V/MPosCmdLib(  757): 
V/NdkpLib (29320): send_resp_a_cmd,line494: ret=12
E/NdkpLib (29320): call StatisticsRPC_recordingPrinting, but not found!
V/NdkpLib (29320): file=E:/27_
V/NdkpLib (29320): unXsize=384, unYsize=43, unXpos=0
V/NdkpLib (29320): totalLen=2064
V/NdkpLib (29320): unXsize=384, ySize=43, unXpos=0
E/NdkpLib (29320): Data packed cmd=CMD_NDK_PrnImage:
E/NdkpLib (29320): 17 00 00 00 75 80 01 00 00 75 2b 00 00 00 75 00 00 00 00 73 10 08 00 00 00 00 00 00 00 00 00 00 00 00 00 00 00 00 00 00 00 00 00 00 00 00 00 00 00 00 00 00 00 00 00 00 00 00 00 00 00 00 00 00 00 00 00 00 00 00 00 00 00 00 00 00 00 00 00 00 00 00 00 00 00 00 00 00 00 00 00 00 00 00 00 00 00 00 00 00 00 00 00 00 00 00 00 00 00 00 00 00 00 00 00 00 00 00 00 00 00 00 00 00 00 00 00 00 00 00 00 00 00 00 00 00 00 00 00 00 00 00 00 00 00 00 00 00 00 00 00 00 00 00 00 00 00 00 00 00 00 00 00 00 00 00 00 00 00 00 00 00 00 00 00 00 00 00 00 00 00 00 00 00 00 00 00 00 00 00 00 00 00 00 00 00 00 00 00 00 00 00 00 00 00 00 00 00 00 00 00 00 00 00 00 00 00 00 00 00 00 00 00 00 00 00 00 00 00 00 00 00 00 00 00 00 00 00 00 00 00 00 00 00 00 00 00 00 00 00 00 00 00 00 00 00
E/NdkpLib (29320): 00 00 00 00 00 00 00 00 00 00 00 00 00 00 00 00 00 00 00 00 00 00 00 00 00 00 00 00 00 00 00 00 00 00 00 00 00 00 00 00 00 00 00 00 00 00 00 00 00 00 00 00 00 00 00 00 00 00 00 00 00 00 00 00 00 00 00 00 00 00 00 00 00 00 00 00 00 00 00 00 00 00 00 00 00 00 00 00 00 00 00 00 00 00 00 00 00 00 00 00 00 00 00 00 00 00 00 00 00 00 00 00 00 00 00 00 00 00 00 00 00 00 00 00 00 00 00 00 00 00 00 00 00 00 00 00 00 00 00 00 00 00 00 00 00 00 00 00 00 00 00 00 00 00 00 00 00 00 00 00 00 00 00 00 00 00 00 00 00 00 00 00 00 00 00 00 00 00 00 00 00 00 00 00 00 00 00 00 00 00 00 00 00 00 00 00 00 00 00 00 00 00 00 00 00 00 00 00 00 00 00 00 00 00 00 00 00 00 00 00 00 00 00 00 00 00 00 00 00 00 00 00 00 00 00 00 00 00 00 00 00 00 00 00 00 00 00 00 00 00 00 00 00 00 00 00
E/NdkpLib (29320): 00 00 00 00 00 00 00 00 00 00 00 00 00 00 00 00 00 00 00 00 00 00 00 00 00 00 00 00 00 00 00 00 00 00 00 00 00 00 00 00 00 00 00 00 00 00 00 00 00 00 00 00 00 00 00 00 00 00 00 00 00 00 00 00 00 00 00 00 00 00 00 00 00 00 00 00 00 00 00 00 00 00 00 00 00 00 00 00 00 00 00 00 00 00 00 00 00 00 00 00 00 00 00 00 00 00 00 00 00 00 00 00 00 00 00 00 00 00 00 00 00 00 00 00 00 00 00 00 00 00 00 00 00 00 00 00 00 00 00 00 00 00 00 00 00 00 00 00 00 00 00 00 00 00 00 00 00 00 00 00 00 00 00 00 00 00 00 00 00 00 00 00 00 00 00 00 00 00 00 00 00 00 00 00 00 00 00 00 00 00 00 00 00 00 00 00 00 00 00 00 00 00 00 00 00 00 00 00 00 00 00 00 00 00 00 00 00 00 00 00 00 00 00 00 00 00 00 00 00 00 00 00 00 00 00 00 00 00 00 00 00 00 00 00 00 00 00 00 00 00 00 00 00 00 00 00
E/NdkpLib (29320): 00 00 00 00 00 00 00 00 00 00 00 00 00 00 00 00 00 00 00 00 00 00 00 00 00 00 00 00 00 00 00 00 00 00 00 00 00 00 00 00 00 00 00 00 00 00 00 00 00 00 00 00 00 00 00 00 00 00 00 00 00 00 00 00 00 00 00 00 00 00 00 00 00 00 00 00 00 00 00 00 00 00 00 00 00 00 00 00 00 00 00 00 00 00 00 00 00 00 00 00 00 00 00 00 00 00 00 00 00 00 00 00 00 00 00 00 00 00 80 00 00 00 00 00 00 00 00 00 00 00 00 00 00 00 00 00 00 00 00 00 00 00 00 00 00 00 00 00 00 00 00 00 00 00 00 00 00 00 00 00 00 00 00 00 00 01 80 00 00 00 00 00 00 00 00 00 00 00 00 00 00 00 00 00 00 00 00 00 00 00 00 00 00 00 00 00 00 00 00 00 00 00 00 00 00 00 00 00 00 00 00 00 00 01 80 00 00 00 00 00 00 00 00 00 00 00 00 00 00 00 00 00 00 00 00 00 00 00 00 00 00 00 00 00 00 00 00 00 00 00 00 00 00 00 00 00
E/NdkpLib (29320): 00 00 00 00 00 03 80 00 00 00 00 00 00 00 00 00 00 00 00 00 00 00 00 00 00 00 00 00 00 00 00 00 00 00 00 00 00 00 00 00 00 00 00 00 00 00 00 00 00 00 00 00 0c 03 80 0c 00 00 00 00 00 00 00 00 00 00 00 00 00 00 00 00 00 00 00 00 00 00 00 00 00 00 00 00 00 00 00 00 00 00 00 00 00 00 00 00 00 00 00 00 1c 03 80 0e 00 00 00 00 00 00 00 00 00 00 00 00 00 00 00 00 00 00 00 00 00 00 00 00 00 00 00 00 00 00 00 00 00 00 00 00 00 00 00 00 00 00 00 00 3c 01 80 0e 00 00 00 00 00 00 00 00 00 00 00 00 00 00 00 00 00 00 00 00 00 00 00 00 00 00 00 00 00 00 00 00 00 00 00 00 00 00 00 00 00 00 00 00 24 01 80 1e 00 00 00 00 00 00 00 00 00 00 00 00 00 00 00 00 00 00 00 00 00 00 00 00 00 00 00 00 00 00 00 00 00 00 00 00 00 00 00 00 00 00 00 02 40 01 80 1a 00 00 00 00 00 00 00 00
E/NdkpLib (29320): 00 00 00 00 00 00 00 00 00 00 00 00 00 00 00 00 00 00 00 00 00 00 00 00 00 00 00 00 00 00 00 00 00 00 00 02 60 11 80 12 00 00 00 00 00 00 00 00 00 00 00 00 00 00 00 00 00 00 00 00 00 00 00 00 00 00 00 00 00 00 00 00 00 00 00 00 00 00 00 00 00 00 00 02 78 11 80 12 00 00 00 00 00 00 00 00 00 00 00 00 00 00 00 00 00 00 00 00 00 00 00 00 00 00 00 00 00 00 00 00 00 00 00 00 00 00 00 00 00 00 00 04 7c 1f 80 3a 00 00 00 00 00 00 00 00 00 00 00 00 00 00 00 00 00 00 00 00 00 00 00 00 00 00 00 00 00 00 00 00 00 00 00 00 00 00 00 00 00 00 00 04 3c 1f ff fa 00 00 00 00 00 00 00 00 00 00 00 00 00 00 00 00 00 00 00 00 00 00 00 00 00 00 00 00 00 00 00 00 00 00 00 00 00 00 00 00 00 00 00 04 0c 1f ff fc 00 00 00 00 00 00 00 00 00 00 00 00 00 00 00 00 00 00 00 00 00 00 00 00
E/NdkpLib (29320): 00 00 00 00 00 00 00 00 00 00 00 00 00 00 00 00 00 00 00 04 04 0e ff ec 00 00 00 00 00 00 00 00 00 00 00 00 00 00 00 00 00 00 00 00 00 00 00 00 00 00 00 00 00 00 00 00 00 00 00 00 00 00 00 00 00 00 00 06 0c 00 7f cc 00 00 00 00 00 00 00 00 00 00 00 00 00 00 00 00 00 00 00 00 00 00 00 00 00 00 00 00 00 00 00 00 00 00 00 00 00 00 00 00 00 00 00 07 f8 00 00 00 00 00 00 00 00 00 00 00 00 00 00 00 00 00 00 00 00 00 00 00 00 00 00 00 00 00 00 00 00 00 00 00 00 00 00 00 00 00 00 00 00 00 00 07 f8 00 00 00 00 00 00 00 00 00 00 00 00 00 00 00 00 00 00 00 00 00 00 00 00 00 00 00 00 00 00 00 00 00 00 00 00 00 00 00 00 00 00 00 00 00 00 03 f0 00 00 00 00 00 00 00 00 00 00 00 00 00 00 00 00 00 00 00 00 00 00 00 00 00 00 00 00 00 00 00 00 00 00 00 00 00 00 00 00 00 00 00
E/NdkpLib (29320): 00 00 00 01 e0 00 00 00 00 00 00 00 00 00 00 00 00 00 00 00 00 00 00 00 00 00 00 00 00 00 00 00 00 00 00 00 00 00 00 00 00 00 00 00 00 00 00 00 00 00 00 00 00 00 00 00 00 00 00 00 00 00 00 00 00 00 00 00 00 00 00 00 00 00 00 00 00 00 00 00 00 00 00 00 00 00 00 00 00 00 00 00 00 00 00 00 00 00 00 00 00 00 00 00 00 00 00 00 00 00 00 00 00 00 00 00 00 00 00 00 00 00 00 00 00 00 00 00 00 00 00 00 00 00 00 00 00 00 00 00 00 00 00 00 00 00 00 00 00 00 00 00 00 00 00 00 00 00 00 00 00 00 00 00 00 00 00 00 00 00 00 00 00 00 00 00 00 00 00 00 00 00 00 00 00 00 00 00 00 00 00 00 00 00 00 00 00 00 00 00 00 00 00 00 00 00 00 00 00 00 00 00 00 00 00 00 00 00 00 00 00 00 00 00 00 00 00 00 00 00 00 00 00 00 00 00 00 00 00 00 00 00 00 00 00 00 00 00 00 00 00 00 00 00 00 00
E/NdkpLib (29320): 00 00 00 00 00 00 00 00 00 00 00 00 00 00 00 00 00 00 00 00 00 00 00 00 00 00 00 00 00 00 00 00 00 00 00 00 00 00 00 00 76
V/MPosCmdLib(  757): szCmdIn:(iLenin=2112)
V/MPosCmdLib(  757): 02 21 07 1e 10 2f 5f 00 00 4e 20 00 00 72 88 00 00 01 7c 20 89 17 00 00 00 75 80 01 00 00 75 2b 00 00 00 75 00 00 00 00 73 10 08 00 00 00 00 00 00 00 00 00 00 00 00 00 00 00 00 00 00 00 00 00 00 00 00 00 00 00 00 00 00 00 00 00 00 00 00 00 00 00 00 00 00 00 00 00 00 00 00 00 00 00 00 00 00 00 00 00 00 00 00 00 00 00 00 00 00 00 00 00 00 00 00 00 00 00 00 00 00 00 00 00 00 00 00 00 00 00 00 00 00 00 00 00 00 00 00 00 00 00 00 00 00 00 00 00 00 00 00 00 00 00 00 00 00 00 00 00 00 00 00 00 00 00 00 00 00 00 00 00 00 00 00 00 00 00 00 00 00 00 00 00 00 00 00 00 00 00 00 00 00 00 00 00 00 00 00 00 00 00 00 00 00 00 00 00 00 00 00 00 00 00 00 00 00 00 00 00 00 00 00 00 00 00 00 00 00 00 00 00 00 00 00 00 00 00 00 00 00 00 00 00 00 00 00 00 00 00 00 00 00 00 00 00
V/MPosCmdLib(  757): 00 00 00 00 00 00 00 00 00 00 00 00 00 00 00 00 00 00 00 00 00 00 00 00 00 00 00 00 00 00 00 00 00 00 00 00 00 00 00 00 00 00 00 00 00 00 00 00 00 00 00 00 00 00 00 00 00 00 00 00 00 00 00 00 00 00 00 00 00 00 00 00 00 00 00 00 00 00 00 00 00 00 00 00 00 00 00 00 00 00 00 00 00 00 00 00 00 00 00 00 00 00 00 00 00 00 00 00 00 00 00 00 00 00 00 00 00 00 00 00 00 00 00 00 00 00 00 00 00 00 00 00 00 00 00 00 00 00 00 00 00 00 00 00 00 00 00 00 00 00 00 00 00 00 00 00 00 00 00 00 00 00 00 00 00 00 00 00 00 00 00 00 00 00 00 00 00 00 00 00 00 00 00 00 00 00 00 00 00 00 00 00 00 00 00 00 00 00 00 00 00 00 00 00 00 00 00 00 00 00 00 00 00 00 00 00 00 00 00 00 00 00 00 00 00 00 00 00 00 00 00 00 00 00 00 00 00 00 00 00 00 00 00 00 00 00 00 00 00 00 00 00 00 00 00 00
V/MPosCmdLib(  757): 00 00 00 00 00 00 00 00 00 00 00 00 00 00 00 00 00 00 00 00 00 00 00 00 00 00 00 00 00 00 00 00 00 00 00 00 00 00 00 00 00 00 00 00 00 00 00 00 00 00 00 00 00 00 00 00 00 00 00 00 00 00 00 00 00 00 00 00 00 00 00 00 00 00 00 00 00 00 00 00 00 00 00 00 00 00 00 00 00 00 00 00 00 00 00 00 00 00 00 00 00 00 00 00 00 00 00 00 00 00 00 00 00 00 00 00 00 00 00 00 00 00 00 00 00 00 00 00 00 00 00 00 00 00 00 00 00 00 00 00 00 00 00 00 00 00 00 00 00 00 00 00 00 00 00 00 00 00 00 00 00 00 00 00 00 00 00 00 00 00 00 00 00 00 00 00 00 00 00 00 00 00 00 00 00 00 00 00 00 00 00 00 00 00 00 00 00 00 00 00 00 00 00 00 00 00 00 00 00 00 00 00 00 00 00 00 00 00 00 00 00 00 00 00 00 00 00 00 00 00 00 00 00 00 00 00 00 00 00 00 00 00 00 00 00 00 00 00 00 00 00 00 00 00 00 00
V/MPosCmdLib(  757): 00 00 00 00 00 00 00 00 00 00 00 00 00 00 00 00 00 00 00 00 00 00 00 00 00 00 00 00 00 00 00 00 00 00 00 00 00 00 00 00 00 00 00 00 00 00 00 00 00 00 00 00 00 00 00 00 00 00 00 00 00 00 00 00 00 00 00 00 00 00 00 00 00 00 00 00 00 00 00 00 00 00 00 00 00 00 00 00 00 00 00 00 00 00 00 00 00 00 00 00 00 00 00 00 00 00 00 00 00 00 00 00 00 00 00 00 00 00 00 00 00 00 00 00 00 00 00 00 00 00 00 00 00 00 00 00 00 00 00 80 00 00 00 00 00 00 00 00 00 00 00 00 00 00 00 00 00 00 00 00 00 00 00 00 00 00 00 00 00 00 00 00 00 00 00 00 00 00 00 00 00 00 00 00 00 00 01 80 00 00 00 00 00 00 00 00 00 00 00 00 00 00 00 00 00 00 00 00 00 00 00 00 00 00 00 00 00 00 00 00 00 00 00 00 00 00 00 00 00 00 00 00 00 00 01 80 00 00 00 00 00 00 00 00 00 00 00 00 00 00 00 00 00 00 00 00
V/MPosCmdLib(  757): 00 00 00 00 00 00 00 00 00 00 00 00 00 00 00 00 00 00 00 00 00 00 00 00 00 00 03 80 00 00 00 00 00 00 00 00 00 00 00 00 00 00 00 00 00 00 00 00 00 00 00 00 00 00 00 00 00 00 00 00 00 00 00 00 00 00 00 00 00 00 00 00 00 0c 03 80 0c 00 00 00 00 00 00 00 00 00 00 00 00 00 00 00 00 00 00 00 00 00 00 00 00 00 00 00 00 00 00 00 00 00 00 00 00 00 00 00 00 00 00 00 00 1c 03 80 0e 00 00 00 00 00 00 00 00 00 00 00 00 00 00 00 00 00 00 00 00 00 00 00 00 00 00 00 00 00 00 00 00 00 00 00 00 00 00 00 00 00 00 00 00 3c 01 80 0e 00 00 00 00 00 00 00 00 00 00 00 00 00 00 00 00 00 00 00 00 00 00 00 00 00 00 00 00 00 00 00 00 00 00 00 00 00 00 00 00 00 00 00 00 24 01 80 1e 00 00 00 00 00 00 00 00 00 00 00 00 00 00 00 00 00 00 00 00 00 00 00 00 00 00 00 00 00 00 00 00 00 00 00
V/MPosCmdLib(  757): 00 00 00 00 00 00 00 00 02 40 01 80 1a 00 00 00 00 00 00 00 00 00 00 00 00 00 00 00 00 00 00 00 00 00 00 00 00 00 00 00 00 00 00 00 00 00 00 00 00 00 00 00 00 00 00 00 02 60 11 80 12 00 00 00 00 00 00 00 00 00 00 00 00 00 00 00 00 00 00 00 00 00 00 00 00 00 00 00 00 00 00 00 00 00 00 00 00 00 00 00 00 00 00 00 02 78 11 80 12 00 00 00 00 00 00 00 00 00 00 00 00 00 00 00 00 00 00 00 00 00 00 00 00 00 00 00 00 00 00 00 00 00 00 00 00 00 00 00 00 00 00 00 04 7c 1f 80 3a 00 00 00 00 00 00 00 00 00 00 00 00 00 00 00 00 00 00 00 00 00 00 00 00 00 00 00 00 00 00 00 00 00 00 00 00 00 00 00 00 00 00 00 04 3c 1f ff fa 00 00 00 00 00 00 00 00 00 00 00 00 00 00 00 00 00 00 00 00 00 00 00 00 00 00 00 00 00 00 00 00 00 00 00 00 00 00 00 00 00 00 00 04 0c 1f ff fc 00 00 00
V/MPosCmdLib(  757): 00 00 00 00 00 00 00 00 00 00 00 00 00 00 00 00 00 00 00 00 00 00 00 00 00 00 00 00 00 00 00 00 00 00 00 00 00 00 00 00 04 04 0e ff ec 00 00 00 00 00 00 00 00 00 00 00 00 00 00 00 00 00 00 00 00 00 00 00 00 00 00 00 00 00 00 00 00 00 00 00 00 00 00 00 00 00 00 00 06 0c 00 7f cc 00 00 00 00 00 00 00 00 00 00 00 00 00 00 00 00 00 00 00 00 00 00 00 00 00 00 00 00 00 00 00 00 00 00 00 00 00 00 00 00 00 00 00 07 f8 00 00 00 00 00 00 00 00 00 00 00 00 00 00 00 00 00 00 00 00 00 00 00 00 00 00 00 00 00 00 00 00 00 00 00 00 00 00 00 00 00 00 00 00 00 00 07 f8 00 00 00 00 00 00 00 00 00 00 00 00 00 00 00 00 00 00 00 00 00 00 00 00 00 00 00 00 00 00 00 00 00 00 00 00 00 00 00 00 00 00 00 00 00 00 03 f0 00 00 00 00 00 00 00 00 00 00 00 00 00 00 00 00 00 00 00 00 00 00
V/MPosCmdLib(  757): 00 00 00 00 00 00 00 00 00 00 00 00 00 00 00 00 00 00 00 00 00 00 00 00 01 e0 00 00 00 00 00 00 00 00 00 00 00 00 00 00 00 00 00 00 00 00 00 00 00 00 00 00 00 00 00 00 00 00 00 00 00 00 00 00 00 00 00 00 00 00 00 00 00 00 00 00 00 00 00 00 00 00 00 00 00 00 00 00 00 00 00 00 00 00 00 00 00 00 00 00 00 00 00 00 00 00 00 00 00 00 00 00 00 00 00 00 00 00 00 00 00 00 00 00 00 00 00 00 00 00 00 00 00 00 00 00 00 00 00 00 00 00 00 00 00 00 00 00 00 00 00 00 00 00 00 00 00 00 00 00 00 00 00 00 00 00 00 00 00 00 00 00 00 00 00 00 00 00 00 00 00 00 00 00 00 00 00 00 00 00 00 00 00 00 00 00 00 00 00 00 00 00 00 00 00 00 00 00 00 00 00 00 00 00 00 00 00 00 00 00 00 00 00 00 00 00 00 00 00 00 00 00 00 00 00 00 00 00 00 00 00 00 00 00 00 00 00 00 00 00 00 00 00 00 00 00
V/MPosCmdLib(  757): 00 00 00 00 00 00 00 00 00 00 00 00 00 00 00 00 00 00 00 00 00 00 00 00 00 00 00 00 00 00 00 00 00 00 00 00 00 00 00 00 00 00 00 00 00 00 00 00 00 00 00 00 00 00 00 00 00 00 00 00 00 76 03 4b
V/MPosCmdLib(  757): 1299 mposLibCmd
V/MPosCmdLib(  757): 1304 mposLibCmd ret 0
V/NdkpLib (  757): @func=NDK_RpcTransRW pid=29320, permission=0x17c, cmdId=23
V/NdkpLib (  757): @func=posNDK_Access_Process,cmdId=23 magEventRegistered=0, iccEventRegistered=0, rfidEventRegistered=0 magPid=0, iccPid=0, rfidPid=0
V/NdkpLib (  757): @func=NDK_RpcTransRW, line=1815 ret=0 
E/NdkpLib (  757): @FILE=E:/27_Œ Ã‚±Ì/Pad-v3.0/build/build_N900_4G/api//jni/platform.c,line=238, (index*2+1) <= len ret=0,but expect:1
V/NdkpLib (  757): @fun=NDK_RpcTransRW, line1867 the command(0x0017) not be found!
V/NdkpLib (  757): send_resp_a_cmd,line494: ret=12
E/NdkpLib (  757): CMD_NDK_PrnImage ret=-1, executed from K21 in FAILURE!
E/NdkpLib (  757): 17 00 00 00 ff ff ff ff 00 00 00 00
V/MPosCmdLib(  757): Out frame:
V/MPosCmdLib(  757): 02 00 20 1e 10 2f 60 30 30 00 12 17 00 00 00 ff ff ff ff 00 00 00 00 03 67
V/MPosCmdLib(  757): 
V/NdkpLib (29320): send_resp_a_cmd,line494: ret=12
E/NdkpLib (29320): call StatisticsRPC_recordingPrinting, but not found!
E/NdkpLib (29320): Data packed cmd=CMD_NDK_PrnGetStatus:
E/NdkpLib (29320): 1a 00 00 00 76
V/MPosCmdLib(  757): szCmdIn:(iLenin=28)
V/MPosCmdLib(  757): 02 00 23 1e 10 2f 61 00 00 07 d0 00 00 72 88 00 00 01 7c 00 05 1a 00 00 00 76 03 59
V/MPosCmdLib(  757): 1299 mposLibCmd
V/MPosCmdLib(  757): 1304 mposLibCmd ret 0
V/NdkpLib (  757): @func=NDK_RpcTransRW pid=29320, permission=0x17c, cmdId=26
V/NdkpLib (  757): @func=posNDK_Access_Process,cmdId=26 magEventRegistered=0, iccEventRegistered=0, rfidEventRegistered=0 magPid=0, iccPid=0, rfidPid=0
V/NdkpLib (  757): @func=NDK_RpcTransRW, line=1815 ret=0 
E/NdkpLib (  757): @FILE=E:/27_Œ Ã‚±Ì/Pad-v3.0/build/build_N900_4G/api//jni/platform.c,line=238, (index*2+1) <= len ret=0,but expect:1
V/NdkpLib (  757): @fun=NDK_RpcTransRW, line1867 the command(0x001a) not be found!
V/NdkpLib (  757): send_resp_a_cmd,line494: ret=16
E/NdkpLib (  757): CMD_NDK_PrnGetStatus ret=0, executed from K21 in SUCCESS!
V/MPosCmdLib(  757): Out frame:
V/MPosCmdLib(  757): 02 00 24 1e 10 2f 62 30 30 00 16 1a 00 00 00 00 00 00 00 04 00 00 00 02 00 00 00 03 6e
V/MPosCmdLib(  757): 
V/NdkpLib (29320): send_resp_a_cmd,line494: ret=16
E/NdkpLib (29320): Data packed cmd=CMD_NDK_PrnGetStatus:
E/NdkpLib (29320): 1a 00 00 00 76
V/MPosCmdLib(  757): szCmdIn:(iLenin=28)
V/MPosCmdLib(  757): 02 00 23 1e 10 2f 63 00 00 07 d0 00 00 72 88 00 00 01 7c 00 05 1a 00 00 00 76 03 5b
V/MPosCmdLib(  757): 1299 mposLibCmd
V/MPosCmdLib(  757): 1304 mposLibCmd ret 0
V/NdkpLib (  757): @func=NDK_RpcTransRW pid=29320, permission=0x17c, cmdId=26
V/NdkpLib (  757): @func=posNDK_Access_Process,cmdId=26 magEventRegistered=0, iccEventRegistered=0, rfidEventRegistered=0 magPid=0, iccPid=0, rfidPid=0
V/NdkpLib (  757): @func=NDK_RpcTransRW, line=1815 ret=0 
E/NdkpLib (  757): @FILE=E:/27_Œ Ã‚±Ì/Pad-v3.0/build/build_N900_4G/api//jni/platform.c,line=238, (index*2+1) <= len ret=0,but expect:1
V/NdkpLib (  757): @fun=NDK_RpcTransRW, line1867 the command(0x001a) not be found!
V/NdkpLib (  757): send_resp_a_cmd,line494: ret=16
E/NdkpLib (  757): CMD_NDK_PrnGetStatus ret=0, executed from K21 in SUCCESS!
V/MPosCmdLib(  757): Out frame:
V/MPosCmdLib(  757): 02 00 24 1e 10 2f 64 30 30 00 16 1a 00 00 00 00 00 00 00 04 00 00 00 02 00 00 00 03 68
V/MPosCmdLib(  757): 
V/NdkpLib (29320): send_resp_a_cmd,line494: ret=16
E/NdkpLib (29320): Data packed cmd=CMD_NDK_PrnGetStatus:
E/NdkpLib (29320): 1a 00 00 00 76
E/libnlprintex(29320): prnFunc nRet=2
V/MPosCmdLib(  757): szCmdIn:(iLenin=28)
V/MPosCmdLib(  757): 02 00 23 1e 10 2f 65 00 00 07 d0 00 00 72 88 00 00 01 7c 00 05 1a 00 00 00 76 03 5d
V/MPosCmdLib(  757): 1299 mposLibCmd
V/MPosCmdLib(  757): 1304 mposLibCmd ret 0
V/NdkpLib (  757): @func=NDK_RpcTransRW pid=29320, permission=0x17c, cmdId=26
V/NdkpLib (  757): @func=posNDK_Access_Process,cmdId=26 magEventRegistered=0, iccEventRegistered=0, rfidEventRegistered=0 magPid=0, iccPid=0, rfidPid=0
V/NdkpLib (  757): @func=NDK_RpcTransRW, line=1815 ret=0 
E/NdkpLib (  757): @FILE=E:/27_Œ Ã‚±Ì/Pad-v3.0/build/build_N900_4G/api//jni/platform.c,line=238, (index*2+1) <= len ret=0,but expect:1
V/NdkpLib (  757): @fun=NDK_RpcTransRW, line1867 the command(0x001a) not be found!
V/NdkpLib (  757): send_resp_a_cmd,line494: ret=16
E/NdkpLib (  757): CMD_NDK_PrnGetStatus ret=0, executed from K21 in SUCCESS!
V/MPosCmdLib(  757): Out frame:
V/MPosCmdLib(  757): 02 00 24 1e 10 2f 66 30 30 00 16 1a 00 00 00 00 00 00 00 04 00 00 00 02 00 00 00 03 6a
V/MPosCmdLib(  757): 
V/NdkpLib (29320): send_resp_a_cmd,line494: ret=16
D/IntelligentTerminalLib(29320): [V2.0.5][DEG][mpos_cmd_prn_chinaums.c][Prn_TTFPrint][456]
D/IntelligentTerminalLib(29320): TTF_ScriptPrint ret[2]
D/IntelligentTerminalLib(29320): [V2.0.5][DEG][mpos_cmd_prn_chinaums.c][Prn_TTFPrint][461]
D/IntelligentTerminalLib(29320): TTF_ScriptPrint end!![2]
D/IntelligentTerminalLib(29320): [V2.0.5][DEG][mpos_cmd_prn.c][CommandParse_PrintNormal][2474]
D/IntelligentTerminalLib(29320): print status[0] iRet[2]
D/IntelligentTerminalLib(29320): [V2.0.5][DEG][mpos_api_frame.c][Pack_a_frame_new][ResponseCmd][1096]
D/IntelligentTerminalLib(29320): 30 30 30 34
D/IntelligentTerminalLib(29320): >>>[V2.0.5]CmdAction[OUT] Cmd[0x1b50] CmdDesc[CMD_PRN_PRINTNORMAL]
D/IntelligentTerminalLib(29320): _jniMposLibCmd OUT ret[0]
D/com.newland.mtypex.nseries3.b(29320): ------------SynInvokeRunnable---notify-------------------
D/com.newland.mtypex.nseries3.b(29320): -------------(debug)jniMposLibCmd_responeCode:0,deviceCmd:com.newland.c.a.l.e@162dd16e
D/com.newland.mtypex.nseries3.b(29320): -------------(debug)jniMposLibCmd_responseData:30303034,deviceCmd:com.newland.c.a.l.e@162dd16e
D/com.newland.mtypex.c.b.c(29320): -------ÂìçÂ∫îÁ†ÅÔºö3030
D/com.newland.mtypex.c.b.c(29320): receive resp nativeCode:0
D/com.newland.mtypex.c.b.c(29320): start unpack response,content[30 34]
D/com.newland.mtypex.e(29320): try to set com.newland.mtype.module.common.printer.PrinterResult into com.newland.c.a.l.e$a's printResult!
I/WM-WorkerWrapper(29320): Worker result SUCCESS for Work [ id=2d658cc0-0780-47be-9edc-12cedfb2fef2, tags={ com.tarang.payswiff.worker.PrinterWorker } ]
V/responce(29320): Tag Msg --printReceipt -State-SUCCEEDED
V/responce(29320): Tag Msg --TYPE_WIFI
V/responce(29320): Tag Msg --checkSAF --ENQUEUED
V/responce(29320): Tag Msg --safModelEntitieslength-----0
V/responce(29320): Tag Msg --retailerDataModel-----RetailerDataModel{nextLoad='', reconcillationTime='', retailerNameInArabic='√•√ô√ë√ñ √ì√§√™√•√á√¶ √á√§√ì√™√° √§√§√á√®√á√¶√™ √á√§√•√¶√í√§', retailerNumberEnglish='800150400566', retailerNameEnglish='Digital Pay', retailerLanguageIndicator='1', terminalCurrencyCode='682', terminalCountryCode='682', transactionCurrencyExponent='02', currencySymbolArabic='', currencySymbolEnglish='SAR', arabicReceipt1='', arabicReceipt2='', englishReceipt1='', englishReceipt2='', retailerAddress1Arabic='√ó√ë√™√¢ √á√§√•√§√£ √é√á√§√è', retailerAddress1English='KING KHALIED ROAD', retailerAddress2Arabic='√à√ë√™√è√â', retailerAddress2English='', terminalCapability='E0F0C8', additionalTerminalCapabilities='D000F0A000', downloadPhoneNumber='', eMVTerminalType='22', automaticLoad='0', sAFRetryLimit='03', sAFDefaultMessageTransmissionNumber='02'}
I/WM-WorkerWrapper(29320): Worker result FAILURE for Work [ id=9ec7c7cc-1e55-4c41-aea7-cd4ddd5788c4, tags={ com.tarang.payswiff.worker.SAFWorker } ]
V/responce(29320): Tag Msg --checkSAF --FAILED
V/responce(29320): Tag Msg --getConnectionStatus -11
E/BarController(  757): applyTranslucentFlagLw
E/BarController(  757): applyTranslucentFlagLw
E/WindowManager(  757): mTopFullscreenOpaqueWindowState != null
E/WindowManager(  757):  LayoutParams:1024
E/WindowManager(  757): transientStatusBarAllowed:true hideStatusBarWM:true hideStatusBarSysui:false immersiveSticky:false statusBarHasFocus:false
E/BarController(  757): isTransientShowRequested
E/BarController(  757): isTransientShowRequested
E/WindowManager(  757): transientStatusBarAllowed:true
E/BarController(  757): updateVisibilityLw
E/BarController(  757): isTransientShowing
E/BarController(  757): isTransientShowRequested
E/BarController(  757): updateVisibilityLw
E/BarController(  757): isTransientShowing
E/BarController(  757): isTransientShowRequested
E/BarController(  757): checkHiddenLw
E/WindowManager(  757): finishPostLayoutPolicyLw
E/BarController(  757): isTransientShowing
E/BarController(  757): setBarShowingLw
E/BarController(  757): computeStateLw
E/BarController(  757): updateStateLw
E/BarController(  757): applyTranslucentFlagLw
E/BarController(  757): applyTranslucentFlagLw
E/WindowManager(  757): mTopFullscreenOpaqueWindowState != null
E/WindowManager(  757):  LayoutParams:1024
E/WindowManager(  757): transientStatusBarAllowed:true hideStatusBarWM:true hideStatusBarSysui:false immersiveSticky:false statusBarHasFocus:false
E/BarController(  757): isTransientShowRequested
E/BarController(  757): isTransientShowRequested
E/WindowManager(  757): transientStatusBarAllowed:true
E/BarController(  757): updateVisibilityLw
E/BarController(  757): isTransientShowing
E/BarController(  757): isTransientShowRequested
E/BarController(  757): updateVisibilityLw
E/BarController(  757): isTransientShowing
E/BarController(  757): isTransientShowRequested
E/BarController(  757): adjustSystemUiVisibilityLwoldVis:34304vis:34304
E/BarController(  757): adjustSystemUiVisibilityLwoldVis:34304vis:34304
W/Resources(29320): Converting to string: TypedValue{t=0x12/d=0x0 a=2 r=0x7f0800de}
W/Resources(29320): Converting to string: TypedValue{t=0x12/d=0x0 a=2 r=0x7f08017b}
W/Resources(29320): Converting to string: TypedValue{t=0x12/d=0x0 a=2 r=0x7f08005f}
W/Resources(29320): Converting to string: TypedValue{t=0x12/d=0x0 a=2 r=0x7f080062}
W/Resources(29320): Converting to string: TypedValue{t=0x12/d=0x0 a=2 r=0x7f0800fb}
I/ViewRootImpl(29320): CPU Rendering VSync enable = true
V/WindowManager(  757): not Base app: Adding window Window{3f4f663c u0 com.tarang.payswiff/com.tarang.payswiff.view.activities.PrintActivity} at 5 of 10
E/BarController(  757): applyTranslucentFlagLw
E/BarController(  757): applyTranslucentFlagLw
E/WindowManager(  757): mTopFullscreenOpaqueWindowState != null
E/WindowManager(  757):  LayoutParams:1024
E/WindowManager(  757): transientStatusBarAllowed:true hideStatusBarWM:true hideStatusBarSysui:false immersiveSticky:false statusBarHasFocus:false
E/BarController(  757): isTransientShowRequested
E/BarController(  757): isTransientShowRequested
E/WindowManager(  757): transientStatusBarAllowed:true
E/BarController(  757): updateVisibilityLw
E/BarController(  757): isTransientShowing
E/BarController(  757): isTransientShowRequested
E/BarController(  757): updateVisibilityLw
E/BarController(  757): isTransientShowing
E/BarController(  757): isTransientShowRequested
E/BarController(  757): adjustSystemUiVisibilityLwoldVis:32768vis:32768
E/BarController(  757): adjustSystemUiVisibilityLwoldVis:32768vis:32768
E/BarController(  757): checkHiddenLw
E/WindowManager(  757): finishPostLayoutPolicyLw
E/BarController(  757): isTransientShowing
E/BarController(  757): setBarShowingLw
E/BarController(  757): computeStateLw
E/BarController(  757): updateStateLw
E/BarController(  757): applyTranslucentFlagLw
E/BarController(  757): applyTranslucentFlagLw
E/WindowManager(  757): mTopFullscreenOpaqueWindowState != null
E/WindowManager(  757):  LayoutParams:1024
E/WindowManager(  757): transientStatusBarAllowed:true hideStatusBarWM:true hideStatusBarSysui:false immersiveSticky:false statusBarHasFocus:false
E/BarController(  757): isTransientShowRequested
E/BarController(  757): isTransientShowRequested
E/WindowManager(  757): transientStatusBarAllowed:true
E/BarController(  757): updateVisibilityLw
E/BarController(  757): isTransientShowing
E/BarController(  757): isTransientShowRequested
E/BarController(  757): updateVisibilityLw
E/BarController(  757): isTransientShowing
E/BarController(  757): isTransientShowRequested
E/BarController(  757): checkHiddenLw
E/WindowManager(  757): finishPostLayoutPolicyLw
E/BarController(  757): isTransientShowing
E/BarController(  757): setBarShowingLw
E/BarController(  757): computeStateLw
E/BarController(  757): updateStateLw
E/BarController(  757): applyTranslucentFlagLw
E/BarController(  757): applyTranslucentFlagLw
E/WindowManager(  757): mTopFullscreenOpaqueWindowState != null
E/WindowManager(  757):  LayoutParams:1024
E/WindowManager(  757): transientStatusBarAllowed:true hideStatusBarWM:true hideStatusBarSysui:false immersiveSticky:false statusBarHasFocus:false
E/BarController(  757): isTransientShowRequested
E/BarController(  757): isTransientShowRequested
E/WindowManager(  757): transientStatusBarAllowed:true
E/BarController(  757): updateVisibilityLw
E/BarController(  757): isTransientShowing
E/BarController(  757): isTransientShowRequested
E/BarController(  757): updateVisibilityLw
E/BarController(  757): isTransientShowing
E/BarController(  757): isTransientShowRequested
E/BarController(  757): checkHiddenLw
E/WindowManager(  757): finishPostLayoutPolicyLw
E/BarController(  757): isTransientShowing
E/BarController(  757): setBarShowingLw
E/BarController(  757): computeStateLw
E/BarController(  757): updateStateLw
E/BarController(  757): applyTranslucentFlagLw
E/BarController(  757): applyTranslucentFlagLw
E/WindowManager(  757): mTopFullscreenOpaqueWindowState != null
E/WindowManager(  757):  LayoutParams:1024
E/WindowManager(  757): transientStatusBarAllowed:true hideStatusBarWM:true hideStatusBarSysui:false immersiveSticky:false statusBarHasFocus:false
E/BarController(  757): isTransientShowRequested
E/BarController(  757): isTransientShowRequested
E/WindowManager(  757): transientStatusBarAllowed:true
E/BarController(  757): updateVisibilityLw
E/BarController(  757): isTransientShowing
E/BarController(  757): isTransientShowRequested
E/BarController(  757): updateVisibilityLw
E/BarController(  757): isTransientShowing
E/BarController(  757): isTransientShowRequested
E/BarController(  757): checkHiddenLw
E/WindowManager(  757): finishPostLayoutPolicyLw
E/BarController(  757): isTransientShowing
E/BarController(  757): setBarShowingLw
E/BarController(  757): computeStateLw
E/BarController(  757): updateStateLw
E/BarController(  757): applyTranslucentFlagLw
E/BarController(  757): applyTranslucentFlagLw
E/WindowManager(  757): mTopFullscreenOpaqueWindowState != null
E/WindowManager(  757):  LayoutParams:1024
E/WindowManager(  757): transientStatusBarAllowed:true hideStatusBarWM:true hideStatusBarSysui:false immersiveSticky:false statusBarHasFocus:false
E/BarController(  757): isTransientShowRequested
E/BarController(  757): isTransientShowRequested
E/WindowManager(  757): transientStatusBarAllowed:true
E/BarController(  757): updateVisibilityLw
E/BarController(  757): isTransientShowing
E/BarController(  757): isTransientShowRequested
E/BarController(  757): updateVisibilityLw
E/BarController(  757): isTransientShowing
E/BarController(  757): isTransientShowRequested
E/WindowManager(  757): finishPostLayoutPolicyLw
E/BarController(  757): isTransientShowing
E/BarController(  757): setBarShowingLw
E/BarController(  757): computeStateLw
E/BarController(  757): updateStateLw
E/BarController(  757): applyTranslucentFlagLw
E/BarController(  757): applyTranslucentFlagLw
E/WindowManager(  757): mTopFullscreenOpaqueWindowState != null
E/WindowManager(  757):  LayoutParams:1024
E/WindowManager(  757): transientStatusBarAllowed:true hideStatusBarWM:true hideStatusBarSysui:false immersiveSticky:false statusBarHasFocus:false
E/BarController(  757): isTransientShowRequested
E/BarController(  757): isTransientShowRequested
E/WindowManager(  757): transientStatusBarAllowed:true
E/BarController(  757): updateVisibilityLw
E/BarController(  757): isTransientShowing
E/BarController(  757): isTransientShowRequested
E/BarController(  757): updateVisibilityLw
E/BarController(  757): isTransientShowing
E/BarController(  757): isTransientShowRequested
W/Atfwd_Sendcmd(31583): AtCmdFwd service not published, waiting... retryCnt : 1
E/WindowManager(  757): finishPostLayoutPolicyLw
E/BarController(  757): isTransientShowing
E/BarController(  757): setBarShowingLw
E/BarController(  757): computeStateLw
E/BarController(  757): updateStateLw
E/BarController(  757): applyTranslucentFlagLw
E/BarController(  757): applyTranslucentFlagLw
E/WindowManager(  757): mTopFullscreenOpaqueWindowState != null
E/WindowManager(  757):  LayoutParams:1024
E/WindowManager(  757): transientStatusBarAllowed:true hideStatusBarWM:true hideStatusBarSysui:false immersiveSticky:false statusBarHasFocus:false
E/BarController(  757): isTransientShowRequested
E/BarController(  757): isTransientShowRequested
E/WindowManager(  757): transientStatusBarAllowed:true
E/BarController(  757): updateVisibilityLw
E/BarController(  757): isTransientShowing
E/BarController(  757): isTransientShowRequested
E/BarController(  757): updateVisibilityLw
E/BarController(  757): isTransientShowing
E/BarController(  757): isTransientShowRequested
E/BarController(  757): checkHiddenLw
E/WindowManager(  757): finishPostLayoutPolicyLw
E/BarController(  757): isTransientShowing
E/BarController(  757): setBarShowingLw
E/BarController(  757): computeStateLw
E/BarController(  757): updateStateLw
E/BarController(  757): applyTranslucentFlagLw
E/BarController(  757): applyTranslucentFlagLw
E/WindowManager(  757): mTopFullscreenOpaqueWindowState != null
E/WindowManager(  757):  LayoutParams:1024
E/WindowManager(  757): transientStatusBarAllowed:true hideStatusBarWM:true hideStatusBarSysui:false immersiveSticky:false statusBarHasFocus:false
E/BarController(  757): isTransientShowRequested
E/BarController(  757): isTransientShowRequested
E/WindowManager(  757): transientStatusBarAllowed:true
E/BarController(  757): updateVisibilityLw
E/BarController(  757): isTransientShowing
E/BarController(  757): isTransientShowRequested
E/BarController(  757): updateVisibilityLw
E/BarController(  757): isTransientShowing
E/BarController(  757): isTransientShowRequested
E/WindowManager(  757): finishPostLayoutPolicyLw
E/BarController(  757): isTransientShowing
E/BarController(  757): setBarShowingLw
E/BarController(  757): computeStateLw
E/BarController(  757): updateStateLw
E/BarController(  757): applyTranslucentFlagLw
E/BarController(  757): applyTranslucentFlagLw
E/WindowManager(  757): mTopFullscreenOpaqueWindowState != null
E/WindowManager(  757):  LayoutParams:1024
E/WindowManager(  757): transientStatusBarAllowed:true hideStatusBarWM:true hideStatusBarSysui:false immersiveSticky:false statusBarHasFocus:false
E/BarController(  757): isTransientShowRequested
E/BarController(  757): isTransientShowRequested
E/WindowManager(  757): transientStatusBarAllowed:true
E/BarController(  757): updateVisibilityLw
